AccountKey:

privateSpendKey base64: RT7xHrq4LJvvGxVtf2oA9RrpxPEil5A0gRAWg9tYVQo=
privateViewdKey base64: wzR4WMB6cqlv+pYKkyksGhsRNp0a5okI3Ljk3QSPuw8=

FogInfo:

reportUrlString fog://fog.test.mobilecoin.com
reportUrl fog://fog.test.mobilecoin.com
reportId 
authoritySpki base54 MIICIjANBgkqhkiG9w0BAQEFAAOCAg8AMIICCgKCAgEAvnB9wTbTOT5uoizRYaYbw7XIEkInl8E7MGOAQj+xnC+F1rIXiCnc/t1+5IIWjbRGhWzo7RAwI5sRajn2sT4rRn9NXbOzZMvIqE4hmhmEzy1YQNDnfALAWNQ+WBbYGW+Vqm3IlQvAFFjVN1YYIdYhbLjAPdkgeVsWfcLDforHn6rR3QBZYZIlSBQSKRMY/tywTxeTCvK2zWcS0kbbFPtBcVth7VFFVPAZXhPi9yy1AvnldO6n7KLiupVmojlEMtv4FQkk604nal+j/dOplTATV8a9AJBbPRBZ/yQg57EG2Y2MRiHOQifJx0S5VbNyMm9bkS8TD7Goi59aCW6OT1gyeotWwLg60JRZTfyJ7lYWBSOzh0OnaCytRpSWtNZ6barPUeOnftbnJtE8rFhF7M4F66et0LI/cuvXYecwVwykovEVBKRF4HOK9GgSm17mQMtzrD7c558TbaucOWabYR04uhdAc3s10MkuONWG0wIQhgIChYVAGnFLvSpp2/aQEq3xrRSETxsixUIjsZyWWROkuA0IFnc8d7AmcnUBvRW7FT/5thWyk5agdYUGZ+7C1o69ihR1YxmoGh69fLMPIEOhYh572+3ckgl2SaV4uo9Gvkz8MMGRBcMIMlRirSwhCfozV2RyT5Wn1NgPpyc8zJL7QdOhL7Qxb+5WjnCVrQYHI2cCAwEAAQ==


2024-01-11T16:54:01-0800 info com.mobilecoin : Preparing transaction with provided fee... recipient: PublicAddress(2z29fqJhnA4MMq9XzqnK6sd7K9KeKLuF7Vcdvv8SsWGHkJsiv1U1RRmaHpfHd33m3v87ZApZ2f7KEUgrbAVKUcKLgYP4b26DJZVhS1SayU4ESPw1Swkjv6unDZQsqGsFa8p2gkkVtct8HgeLoGHCgPnrawcZnL7Sb4xyyQXc2Vgb4kikDNMaLQ22yg3w5Eh3hVomdDyBg4UUJ9kv4ZM6dR5ZcEPcJeKkBwuAzu3eqHHpnQChg), amount: 100 MOB, fee: 400000000, unspentTxOutValues: [100, 605599997600]
2024-01-11T16:54:01-0800 info com.mobilecoin : Performing call... url: mc://node1.test.mobilecoin.com
2024-01-11T16:54:02-0800 info com.mobilecoin : Call complete. url: mc://node1.test.mobilecoin.com
2024-01-11T16:54:02-0800 info com.mobilecoin : Transaction prepared with fee. txOutsToSpend:     0x["5a33e0d811480470ecb608128dcc518227e0b5a3aed68bcc579d73c806cca54b", "9a30aa9e1e036d83d52e45aa100c951c7d7a587a4ad44f2d4f2c443f20deef6f"]
2024-01-11T16:54:02-0800 info com.mobilecoin : FogResolverManager.swift:55:fogResolver(addresses:desiredMinPubkeyExpiry:completion:) - ["PublicAddress(2z29fqJhnA4MMq9XzqnK6sd7K9KeKLuF7Vcdvv8SsWGHkJsiv1U1RRmaHpfHd33m3v87ZApZ2f7KEUgrbAVKUcKLgYP4b26DJZVhS1SayU4ESPw1Swkjv6unDZQsqGsFa8p2gkkVtct8HgeLoGHCgPnrawcZnL7Sb4xyyQXc2Vgb4kikDNMaLQ22yg3w5Eh3hVomdDyBg4UUJ9kv4ZM6dR5ZcEPcJeKkBwuAzu3eqHHpnQChg)", "PublicAddress(zENnbipDYF398Jsz6VbRYNGMR2XuSXkRFMFEsm3m3D35ze4385tzD8b2dzGd5sokFwyKcq9ANvLQqPukRnrmTxUE2E3PS6DhNacH3EdtpBAjTk8cGUd7zo66tQYAGjidgEVNMFQuJe6NFWeqSVqeoXWbnnY1yXrwfa6EngkYr8ZYUPc35seVLnquhV6SQDuteVvt4jTudUMbJhzgs9n7LY8SVYYhhMesHJSRda9wJgSnQoyU)"], desiredMinPubkeyExpiry: 2411239
2024-01-11T16:54:02-0800 info com.mobilecoin : FogReportManager.swift:41:reportResponse(for:reportParams:completion:) - reportUrl: fog://fog.test.mobilecoin.com, reportParams: [(reportId: "", desiredMinPubkeyExpiry: 2411239), (reportId: "", desiredMinPubkeyExpiry: 2411239)]
2024-01-11T16:54:02-0800 info com.mobilecoin : Peforming attestation... url: fog://fog.test.mobilecoin.com
2024-01-11T16:54:02-0800 debug com.mobilecoin : AttestAke.swift:77:authBeginRequestData(responderId:rng:rngContext:) - 
2024-01-11T16:54:02-0800 debug com.mobilecoin : AttestAke.swift:78:authBeginRequestData(responderId:rng:rngContext:) - responderId: fog.test.mobilecoin.com:443
2024-01-11T16:54:02-0800 debug com.mobilecoin : AttestAke.swift:79:authBeginRequestData(responderId:rng:rngContext:) - requestData: RirBiNYMxQ+67j/DCQxwrFSnQ56n2SFsouqfDh7wciA=
2024-01-11T16:54:02-0800 debug com.mobilecoin : AttestAke.swift:80:authBeginRequestData(responderId:rng:rngContext:) - 
2024-01-11T16:54:02-0800 info com.mobilecoin : FogReportServer.swift:35:reports(reportService:reportParams:completion:) - reportParams: [(reportId: "", desiredMinPubkeyExpiry: 2411239), (reportId: "", desiredMinPubkeyExpiry: 2411239)]
2024-01-11T16:54:02-0800 info com.mobilecoin : FogReportServer.swift:117:cachedReportResponse(satisfyingReportParams:) - reportParams: [(reportId: "", desiredMinPubkeyExpiry: 2411239), (reportId: "", desiredMinPubkeyExpiry: 2411239)]
2024-01-11T16:54:02-0800 info com.mobilecoin : FogReportServer.swift:64:fetchReports(reportService:reportParams:completion:) - reportParams: [(reportId: "", desiredMinPubkeyExpiry: 2411239), (reportId: "", desiredMinPubkeyExpiry: 2411239)]
2024-01-11T16:54:02-0800 info com.mobilecoin : FogReportServer.swift:117:cachedReportResponse(satisfyingReportParams:) - reportParams: [(reportId: "", desiredMinPubkeyExpiry: 2411239), (reportId: "", desiredMinPubkeyExpiry: 2411239)]
2024-01-11T16:54:02-0800 info com.mobilecoin : Performing call... url: fog://fog.test.mobilecoin.com
2024-01-11T16:54:02-0800 debug com.mobilecoin : AttestAke.swift:99:authEnd(authResponseData:attestationVerifier:) - 
2024-01-11T16:54:02-0800 debug com.mobilecoin : AttestAke.swift:100:authEnd(authResponseData:attestationVerifier:) - authResponseData: q7+2IimoAIxV+8a97bDzx2W74Rvdgs64XFr07KNXrWh6xsdF+90pA9i8+Eytfd9LYZ5GEkXE0CCBg2bLtZ+tHxah504/j/dJ9WtUgfbOQmkt/2A5F66sHsqrBCdn76GKgoFwb5V5PSnQjz6f39nGM7pRwIKYaoxRw1VT/gtl0lvQznkzxqmT0E0/4G6mQhDQESDppy3d1/eYru7AduomJN5bEsDvLlucFPumcxQl56Ac5yXIGZz24G5S67i7F76hPRCcufIISDFZ+A/a2T4f3EdGNgeGtr9kCgii7nZzd92+mxdWmFruIHhf/Qmv2ZM+z9EivmKPMwGEOwMU0rovtWkVN4L0iCy3QTz3P63zNql0o4BFxkOrPVCRPYhyozXppdPb+HIWBq0Z3DmocssRR4AUlOVbTtvTYJ3OEExm466Ir5AtUjtKm1zEHG5XPMmLEuW+g/exoFcoDo46iZSSNg5/1VKRVhvRHvad4JswYpvUBrRXVKvxSRnO32b78nzA4tQ8xegD9t3Wfc8SOyqx4oRW275LMzfWu0uEg0clxK21HToIZT1gO91dog55VHG/DlxxDHcbpwTZhQDXXN67K7KrVbfFvUFOYJoXgKIgVA7kP2Sb/LJDwAqHT/s6bUHSZ2OeqG2aFeO1ITcZuJyZw3KeFGWV7ECpRt0h0CBGO6NHwesL2nLp8QQcxpHajBxoKDueU1T1yj4pWj7Ss+qbAiRz1B8pSMbETwTgfta1L2fabaW5H6NjRudFololamvobSsT66k8rR9gfDxdmqtp/9lzMNF21weJf0mxOAfeqPtSOEtadhCtWnvjmOteviJvoFSzYYxK5KytcT8nNkQxQa5owp7pOn7UINmGp6nHlo7xe9j7IA0oDqhvX4fSPALi8aUNU0QLEX3nbNzH2cvSNtPNu2zbl5t6ajiOuCgyDilg23YCGoHfCWe21xn/BsmoBwR8XkqPDN1+nUpfE6+9xfa2Vd41Li38MQDNN4z9oevulsenLsHmaDvaK9+bYzn11ZI0ibrdC3wAavW+d1Tu0IfBBedkJe5+4zjuBSED3TmGCRQ/EvWspPcDChhluQj7g1lG4zOJssA5RZakXoXX85moFxvGGfhKAQ68cS/ZoCvkVIVMpURzgeNJKVHYNBhmTCUnJBzQw3kxVE6RQ+fKzHgkwjmVE5D6eMOJpoT3INd7fgF8NEw9J8K9h/68fZL5CNofyFmYOTglzxpmXPE9SI24FSdD9y2njFmfDCGPoXOBYnxYYaHHAgoBw8wxWYCFO28gizgyG+DeIgstEnhB6xpj4VT9I3RW/OhoGCrDQ3AyBY+DeUIDfINbjzRj7iNqVEzxO70+S+Gq50LCJZNGdzRHSVo7jR2dpo6gEMGXUAlyLVto4wDKOi15KkM1pD7VLbIgf8O88vsfUzSy85919ow1HPURVNC1KhltxH1N58IzYyw/qNnHhg0+91wcUOJSd7Fyl8TmBwFTXATc9+P8QPEBKMsYfr19rFWuUj6H82SwrjMq8P7G88UKTA5oRw8czNnKUuc5fNgrkixgz6XcfWmB24F0lHPmqDjaK5pmVnkBn/utEya68EW2KFuyDhl8EG3F4VnBxeIDL4mBYABfM2wWLBDLJUOHhqJ8Kbl7bRcK+uhLjLsFuZGMZFjhkGxQV7rBOO834EZf6nOy1KpP7ftM8ORXSpxB9VArfNE6aU9aNGUdMLrOdGGzqJdjoxKOUrCY2UQ++1K2kqRAuc11XEp0WfTbPTfQgjH4yCR3bt+I1XsNGFWilp6IcQLyISqBMULfq4m1AzLWKwwQhs2GmLU/knpNkCMSXMW0dY/Z52Xc/AnrsH0exDuHGsrEKlkTfYxXv+VdNqAv8UQsWMJlpMO7sBcshkQb7zTgo5zRyDMmhzUyneJ47Z6da5EC+YP7ZtyqwATcCLfQk+RQnQ6KHxuj4Rxlq9aNfVfK/hSKHridRF10dRvBffrzFKS4lqaQx9aCo1AsfANUHgwzRpXsL850fo8VgrPFA9VP9gOlr7q5v0nd4BSz/E8OLI6CFNA73wT1V1d/dYofWGuc/S7o8O+bWZnVWIO7TC+TQGoNCcfnfIddPXlcNdR2VfZ8xju05lUtOsqip8nViJEHULxBkRuuINySn+Ze1bLqTQnzdp2PGmooc/6dZYU/S9GJU2tHZMIOUDF6fKVPARFEDFKv1Gn+AUhxpHGFYLI/9ahu8HiLWTj4tueWM93MkGosi/xvK4qes3IJ8OhBxWGF81CEdykvAN9N3rzLNN52pWntT30p3P6jfSL+7Pi84Y+dKa3Ux35jOB5wJyvDDi/RQplkLL440eMVeKLaqwwmxL7TNR40WPMTAfHkBI7JN0iRE8tuD/mTkcCFVvClOYNs6BNtXlgdoeBKgZcju67Y9Gem+ayxc//7Xkma+fGlYoQ5aC4shjFWFVoeyHC4hsioyn3WkOJcqmXMUzVU2cJYbj+s6GjjMuGbYxNmiSzWxiv6GVWklpz3gxAYZbvp/99N11Nnpzs+Gx6Dpp/R/2jqN1YetbG2NiuMsZGKsPDOTIaiJozYJfx7PQG9WR8gUnCsP0bIzEcpcOy/2gYUCsDpSLbAhASa6zVp+ybhnsaiFMyCnmQTD1Z74JIFPIrPYqFSxwzzRZG1AA4Cdtgf8RsEWf3E5YDJnxDd50Q2N3jtgmJxVJW3DB1q3OoJR3PaHyJYG39qt3Reywn1YS1g58oUL3alJk4fOQEcxEWLer/yQk1Qyl9W92szypwqcqnpLCvkVPpKz0XOKWvCvZfwzu8oyCXpSD6bMn+EI1OxXb4M0KWsn2BkIBy+KwCG5SvG3+dzWqBh0wrfT23DPOBw0XY0rT+DrYDNz05/0zch/5PdvbMIyCS7EyqUSu1aSjCZaV5k2PCybD9Lsk7Aw85AT7iNGOf44fHGB26PRCb22w1mv6IvhiuEpf9mFhRihEFMQjUZUo+ZPV0+yxEpz09jkfWo9o7S71fltctUQY5rw9dZ+Ba35yM4t8mKIDa7sBXbL1U7DuEl/F1hnYZeZOjGjdjx7UvCmQB2kZErbL3xzoPQF8iE8l1fpU0A+LJ00llWjD25MS4ITTXN0RDKU55/JpuaYMPN94C6i03zPQcI6YNcGrZHSHsKCNdVvAv5FZEQKhKaovEdNM9RkbL4vhncAGmQ+4Bo5YsvJZ8v38vP/ExpuDRX3dkIz8EQZqwMi/Ur2NWcq8kTSjH22I44ag/TjUpPcp2mCkIbfKpk5rRilUg401THv5O4/zQn3YzNkBE3t4SrNgEmDezoyQ7VliONcHESYvNza8OPhw82sSPYSqvpTQ4pgnyJXOl0GWnQa9kFgnYCYAPClbD/LzkOcQ1c8rNu4tMKm3ukeziTfO1Uwz0Osdx/2lpFGZ4yuYvn0Oua571rISZ+N1K2Ftg951odw6wY3RP7+2w1fFdD8MhDpT2VfpLXvi89AAsKd7Y1Qbt/9frZU7vt23JZMuIgVIaPs+5gvwTOie2ioDJGrqOxye5xgciW4XM9qrNmpCLbZ7gRmN3fjVeHQZ4dYZ1lU9hXtBacwj1oNbZqD+EhrsfbwjQZ1qfSxkpHO+XevX6OgLk9/IIC1Xia+aJY8q3/1NPxilIvks2gipY4W4dZ34VecoijXsUD6AyuoiMuk0lISGldKXwjXk0lLlPdEgLKmmCJmzna+aIV2kkL96gz1nQIj8g+f8ba2iGOYu2ooVPDWrKPoVeVLMCBvmYo120dlv2XdF5QFDLY6IA7dvCsu8V82LYr2OIXDZ7DqbniB42/kkV06luyMwAFyqfgAEK1UIJKkoOG1qmITzf5VS5flZWFRm/zA1rpYOjUUwCkscr/j6X+uS29OolUimSEZxpWquHFe2T8TaI7aUXy+tzIdjtzf9cRmcrNS1r+sE/y+cY1XjTJK8dgB45ea82S3kC8j09tdj720DufeYDK55o+vTta+7OG582vCME6tjUMBgvWucx9URa8I0KiXZFopxDL4E1YvrqYNdYjb4sO/pw8KUlZZDJknt/pOPB4l4eWkTDrwPzBs0UfaSDOWha7PyHczsQBYDAhc65E0fzJlb5lLVApilXNrpbufSSAV+WhabEezcaM2wFsgyu/TwU8AnAwKsVjANFPwbNJZFU128vLLQAQS6aGXwaYgwZYCzxQsn8KI8EYPtzr6b3cJ8IdoS1D7/spU0mTJjEMlK5YcVsuXjBcelclCb6GCf8M3CzK3aw+JZKiQtBZ0i+4qZArnkp4sFXzTldtYW6xphCZea2YHVnai9aIJ02cUrMvh0C32A2OyQQo/2P6Fhi4KMuLxEiAg1dLm4oefA2kZRt0FLVzoezvEkeDcPYdrGzxF89QNv0cjHiaLusfSnAw0D0knzM8Nkr1YCoRap57V64T0YQhlZEqI9gWf5ihn/IDsDKYot1/+QBBvnopntMRLM92RZLIm3cx8U8afA1swCelcdD8A2ZtOx00sWxrGTrFgWcaRN6wh2mRWipNqi7nM+bFNS9iqPV0WTehBkGXBTQBzlhRPnB8Se/WejIhjH+cpCvnlGQcBcnI8L2dUe87tDTzmLaEqChovOaNB4xC2RxXIZyQB+93etB/iP6AEY/VNBpV9GHMMS9/P+6+FtbJqKs1sGgn6Xgcl6ziWHaEpluAQ1oZnX+GnAN2MabeLfXuTFuET45q75iHvD9Qi2qgmfg4k6SNnMq4arVQ/vxvl2hotcpiq8H1oFD7uq0pzqkI/0duabEyA+wEO1l+RbQBdwKZFvTBS9GTA8x/KJlP7EI9/rpmWZunBJzARWZ/lFakkuuGl0LKTkJRPrBWzZrNe3GRXUjwdeIvwlD1QdBd2c8vAROJNJ4ptbtiSRcjuXYsa9E0j0LF44MpMdWC824iXa+pBjw1s2Hn8l1vZ+p51kgwghJHfikMI+GI+Vl9sQcoi0K/Th58ghh2StNd9VLqD3P2nAsw3GbWopSvJ2Nyh7bom+kgq9mUJeJeI6DUyd+EEPdI9BLdOXbRCwIfG0P6YRvsJgHt0TTzmurOyVtUSHJyzI2x65IGpdT+t2P1+SZ9mi521ONlj7x2bXnlGFvhctA90Ql1OtLYMif7J6pl50kZKv0J6pW3Gox5Jb6aIzd2Yow5l7OCGr8zXHu/Y2BmA1MWmYH2Qdz0s6jf/f6PD/lqYE44zOkpTceBOkq3ZJy9ITqY9Qh90iTs0VQaDQyn4wFYhfLZmsxxc9AheM14Jv7A7xzicMCyujS2u0QwYoeWF34oNc3xv/LTHBxIMj/GvMmmABlm7wl6HHOJwbPBqtddWOvPEYTGLaIlMGdvUGoBIrMSEAntAToPJVHUNA==
2024-01-11T16:54:02-0800 debug com.mobilecoin : AttestAke.swift:101:authEnd(authResponseData:attestationVerifier:) - attestationVerifier: q7+2IimoAIxV+8a97bDzx2W74Rvdgs64XFr07KNXrWh6xsdF+90pA9i8+Eytfd9LYZ5GEkXE0CCBg2bLtZ+tHxah504/j/dJ9WtUgfbOQmkt/2A5F66sHsqrBCdn76GKgoFwb5V5PSnQjz6f39nGM7pRwIKYaoxRw1VT/gtl0lvQznkzxqmT0E0/4G6mQhDQESDppy3d1/eYru7AduomJN5bEsDvLlucFPumcxQl56Ac5yXIGZz24G5S67i7F76hPRCcufIISDFZ+A/a2T4f3EdGNgeGtr9kCgii7nZzd92+mxdWmFruIHhf/Qmv2ZM+z9EivmKPMwGEOwMU0rovtWkVN4L0iCy3QTz3P63zNql0o4BFxkOrPVCRPYhyozXppdPb+HIWBq0Z3DmocssRR4AUlOVbTtvTYJ3OEExm466Ir5AtUjtKm1zEHG5XPMmLEuW+g/exoFcoDo46iZSSNg5/1VKRVhvRHvad4JswYpvUBrRXVKvxSRnO32b78nzA4tQ8xegD9t3Wfc8SOyqx4oRW275LMzfWu0uEg0clxK21HToIZT1gO91dog55VHG/DlxxDHcbpwTZhQDXXN67K7KrVbfFvUFOYJoXgKIgVA7kP2Sb/LJDwAqHT/s6bUHSZ2OeqG2aFeO1ITcZuJyZw3KeFGWV7ECpRt0h0CBGO6NHwesL2nLp8QQcxpHajBxoKDueU1T1yj4pWj7Ss+qbAiRz1B8pSMbETwTgfta1L2fabaW5H6NjRudFololamvobSsT66k8rR9gfDxdmqtp/9lzMNF21weJf0mxOAfeqPtSOEtadhCtWnvjmOteviJvoFSzYYxK5KytcT8nNkQxQa5owp7pOn7UINmGp6nHlo7xe9j7IA0oDqhvX4fSPALi8aUNU0QLEX3nbNzH2cvSNtPNu2zbl5t6ajiOuCgyDilg23YCGoHfCWe21xn/BsmoBwR8XkqPDN1+nUpfE6+9xfa2Vd41Li38MQDNN4z9oevulsenLsHmaDvaK9+bYzn11ZI0ibrdC3wAavW+d1Tu0IfBBedkJe5+4zjuBSED3TmGCRQ/EvWspPcDChhluQj7g1lG4zOJssA5RZakXoXX85moFxvGGfhKAQ68cS/ZoCvkVIVMpURzgeNJKVHYNBhmTCUnJBzQw3kxVE6RQ+fKzHgkwjmVE5D6eMOJpoT3INd7fgF8NEw9J8K9h/68fZL5CNofyFmYOTglzxpmXPE9SI24FSdD9y2njFmfDCGPoXOBYnxYYaHHAgoBw8wxWYCFO28gizgyG+DeIgstEnhB6xpj4VT9I3RW/OhoGCrDQ3AyBY+DeUIDfINbjzRj7iNqVEzxO70+S+Gq50LCJZNGdzRHSVo7jR2dpo6gEMGXUAlyLVto4wDKOi15KkM1pD7VLbIgf8O88vsfUzSy85919ow1HPURVNC1KhltxH1N58IzYyw/qNnHhg0+91wcUOJSd7Fyl8TmBwFTXATc9+P8QPEBKMsYfr19rFWuUj6H82SwrjMq8P7G88UKTA5oRw8czNnKUuc5fNgrkixgz6XcfWmB24F0lHPmqDjaK5pmVnkBn/utEya68EW2KFuyDhl8EG3F4VnBxeIDL4mBYABfM2wWLBDLJUOHhqJ8Kbl7bRcK+uhLjLsFuZGMZFjhkGxQV7rBOO834EZf6nOy1KpP7ftM8ORXSpxB9VArfNE6aU9aNGUdMLrOdGGzqJdjoxKOUrCY2UQ++1K2kqRAuc11XEp0WfTbPTfQgjH4yCR3bt+I1XsNGFWilp6IcQLyISqBMULfq4m1AzLWKwwQhs2GmLU/knpNkCMSXMW0dY/Z52Xc/AnrsH0exDuHGsrEKlkTfYxXv+VdNqAv8UQsWMJlpMO7sBcshkQb7zTgo5zRyDMmhzUyneJ47Z6da5EC+YP7ZtyqwATcCLfQk+RQnQ6KHxuj4Rxlq9aNfVfK/hSKHridRF10dRvBffrzFKS4lqaQx9aCo1AsfANUHgwzRpXsL850fo8VgrPFA9VP9gOlr7q5v0nd4BSz/E8OLI6CFNA73wT1V1d/dYofWGuc/S7o8O+bWZnVWIO7TC+TQGoNCcfnfIddPXlcNdR2VfZ8xju05lUtOsqip8nViJEHULxBkRuuINySn+Ze1bLqTQnzdp2PGmooc/6dZYU/S9GJU2tHZMIOUDF6fKVPARFEDFKv1Gn+AUhxpHGFYLI/9ahu8HiLWTj4tueWM93MkGosi/xvK4qes3IJ8OhBxWGF81CEdykvAN9N3rzLNN52pWntT30p3P6jfSL+7Pi84Y+dKa3Ux35jOB5wJyvDDi/RQplkLL440eMVeKLaqwwmxL7TNR40WPMTAfHkBI7JN0iRE8tuD/mTkcCFVvClOYNs6BNtXlgdoeBKgZcju67Y9Gem+ayxc//7Xkma+fGlYoQ5aC4shjFWFVoeyHC4hsioyn3WkOJcqmXMUzVU2cJYbj+s6GjjMuGbYxNmiSzWxiv6GVWklpz3gxAYZbvp/99N11Nnpzs+Gx6Dpp/R/2jqN1YetbG2NiuMsZGKsPDOTIaiJozYJfx7PQG9WR8gUnCsP0bIzEcpcOy/2gYUCsDpSLbAhASa6zVp+ybhnsaiFMyCnmQTD1Z74JIFPIrPYqFSxwzzRZG1AA4Cdtgf8RsEWf3E5YDJnxDd50Q2N3jtgmJxVJW3DB1q3OoJR3PaHyJYG39qt3Reywn1YS1g58oUL3alJk4fOQEcxEWLer/yQk1Qyl9W92szypwqcqnpLCvkVPpKz0XOKWvCvZfwzu8oyCXpSD6bMn+EI1OxXb4M0KWsn2BkIBy+KwCG5SvG3+dzWqBh0wrfT23DPOBw0XY0rT+DrYDNz05/0zch/5PdvbMIyCS7EyqUSu1aSjCZaV5k2PCybD9Lsk7Aw85AT7iNGOf44fHGB26PRCb22w1mv6IvhiuEpf9mFhRihEFMQjUZUo+ZPV0+yxEpz09jkfWo9o7S71fltctUQY5rw9dZ+Ba35yM4t8mKIDa7sBXbL1U7DuEl/F1hnYZeZOjGjdjx7UvCmQB2kZErbL3xzoPQF8iE8l1fpU0A+LJ00llWjD25MS4ITTXN0RDKU55/JpuaYMPN94C6i03zPQcI6YNcGrZHSHsKCNdVvAv5FZEQKhKaovEdNM9RkbL4vhncAGmQ+4Bo5YsvJZ8v38vP/ExpuDRX3dkIz8EQZqwMi/Ur2NWcq8kTSjH22I44ag/TjUpPcp2mCkIbfKpk5rRilUg401THv5O4/zQn3YzNkBE3t4SrNgEmDezoyQ7VliONcHESYvNza8OPhw82sSPYSqvpTQ4pgnyJXOl0GWnQa9kFgnYCYAPClbD/LzkOcQ1c8rNu4tMKm3ukeziTfO1Uwz0Osdx/2lpFGZ4yuYvn0Oua571rISZ+N1K2Ftg951odw6wY3RP7+2w1fFdD8MhDpT2VfpLXvi89AAsKd7Y1Qbt/9frZU7vt23JZMuIgVIaPs+5gvwTOie2ioDJGrqOxye5xgciW4XM9qrNmpCLbZ7gRmN3fjVeHQZ4dYZ1lU9hXtBacwj1oNbZqD+EhrsfbwjQZ1qfSxkpHO+XevX6OgLk9/IIC1Xia+aJY8q3/1NPxilIvks2gipY4W4dZ34VecoijXsUD6AyuoiMuk0lISGldKXwjXk0lLlPdEgLKmmCJmzna+aIV2kkL96gz1nQIj8g+f8ba2iGOYu2ooVPDWrKPoVeVLMCBvmYo120dlv2XdF5QFDLY6IA7dvCsu8V82LYr2OIXDZ7DqbniB42/kkV06luyMwAFyqfgAEK1UIJKkoOG1qmITzf5VS5flZWFRm/zA1rpYOjUUwCkscr/j6X+uS29OolUimSEZxpWquHFe2T8TaI7aUXy+tzIdjtzf9cRmcrNS1r+sE/y+cY1XjTJK8dgB45ea82S3kC8j09tdj720DufeYDK55o+vTta+7OG582vCME6tjUMBgvWucx9URa8I0KiXZFopxDL4E1YvrqYNdYjb4sO/pw8KUlZZDJknt/pOPB4l4eWkTDrwPzBs0UfaSDOWha7PyHczsQBYDAhc65E0fzJlb5lLVApilXNrpbufSSAV+WhabEezcaM2wFsgyu/TwU8AnAwKsVjANFPwbNJZFU128vLLQAQS6aGXwaYgwZYCzxQsn8KI8EYPtzr6b3cJ8IdoS1D7/spU0mTJjEMlK5YcVsuXjBcelclCb6GCf8M3CzK3aw+JZKiQtBZ0i+4qZArnkp4sFXzTldtYW6xphCZea2YHVnai9aIJ02cUrMvh0C32A2OyQQo/2P6Fhi4KMuLxEiAg1dLm4oefA2kZRt0FLVzoezvEkeDcPYdrGzxF89QNv0cjHiaLusfSnAw0D0knzM8Nkr1YCoRap57V64T0YQhlZEqI9gWf5ihn/IDsDKYot1/+QBBvnopntMRLM92RZLIm3cx8U8afA1swCelcdD8A2ZtOx00sWxrGTrFgWcaRN6wh2mRWipNqi7nM+bFNS9iqPV0WTehBkGXBTQBzlhRPnB8Se/WejIhjH+cpCvnlGQcBcnI8L2dUe87tDTzmLaEqChovOaNB4xC2RxXIZyQB+93etB/iP6AEY/VNBpV9GHMMS9/P+6+FtbJqKs1sGgn6Xgcl6ziWHaEpluAQ1oZnX+GnAN2MabeLfXuTFuET45q75iHvD9Qi2qgmfg4k6SNnMq4arVQ/vxvl2hotcpiq8H1oFD7uq0pzqkI/0duabEyA+wEO1l+RbQBdwKZFvTBS9GTA8x/KJlP7EI9/rpmWZunBJzARWZ/lFakkuuGl0LKTkJRPrBWzZrNe3GRXUjwdeIvwlD1QdBd2c8vAROJNJ4ptbtiSRcjuXYsa9E0j0LF44MpMdWC824iXa+pBjw1s2Hn8l1vZ+p51kgwghJHfikMI+GI+Vl9sQcoi0K/Th58ghh2StNd9VLqD3P2nAsw3GbWopSvJ2Nyh7bom+kgq9mUJeJeI6DUyd+EEPdI9BLdOXbRCwIfG0P6YRvsJgHt0TTzmurOyVtUSHJyzI2x65IGpdT+t2P1+SZ9mi521ONlj7x2bXnlGFvhctA90Ql1OtLYMif7J6pl50kZKv0J6pW3Gox5Jb6aIzd2Yow5l7OCGr8zXHu/Y2BmA1MWmYH2Qdz0s6jf/f6PD/lqYE44zOkpTceBOkq3ZJy9ITqY9Qh90iTs0VQaDQyn4wFYhfLZmsxxc9AheM14Jv7A7xzicMCyujS2u0QwYoeWF34oNc3xv/LTHBxIMj/GvMmmABlm7wl6HHOJwbPBqtddWOvPEYTGLaIlMGdvUGoBIrMSEAntAToPJVHUNA==
2024-01-11T16:54:02-0800 debug com.mobilecoin : AttestAke.swift:102:authEnd(authResponseData:attestationVerifier:) - 
enclave identity 768f7bea6171fb83d775ee8485e4b5fcebf5f664ca7e8b9ceef9c7c21e9d9bf3
advisories IDs: {"INTEL-SA-00334", "INTEL-SA-00615", "INTEL-SA-00657"} Status: SWHardeningNeeded
enclave identity b61188a6c946557f32e612eff5615908abd1b72ec11d8b7070595a92d4abbbf1
advisories IDs: {"INTEL-SA-00334", "INTEL-SA-00615", "INTEL-SA-00657"} Status: SWHardeningNeeded

start auth_response_input_identities
enclave identity 768f7bea6171fb83d775ee8485e4b5fcebf5f664ca7e8b9ceef9c7c21e9d9bf3
advisories IDs: {"INTEL-SA-00334", "INTEL-SA-00615", "INTEL-SA-00657"} Status: SWHardeningNeeded
end auth_response_input_identities
start auth_response_input_identities
enclave identity b61188a6c946557f32e612eff5615908abd1b72ec11d8b7070595a92d4abbbf1
advisories IDs: {"INTEL-SA-00334", "INTEL-SA-00615", "INTEL-SA-00657"} Status: SWHardeningNeeded
end auth_response_input_identities
here 1
here 2
here 3
2024-01-11T16:54:02-0800 info com.mobilecoin : Attestation successful. url: fog://fog.test.mobilecoin.com
2024-01-11T16:54:02-0800 info com.mobilecoin : Performing attested call... url: fog://fog.test.mobilecoin.com
2024-01-11T16:54:02-0800 info com.mobilecoin : Call complete. url: fog://fog.test.mobilecoin.com
2024-01-11T16:54:02-0800 info com.mobilecoin : FogResolver.swift:29:init(attestation:) - attestation: Attestation(mrEnclaves: [MrEnclave(0xa4764346f91979b4906d4ce26102228efe3aba39216dec1e7d22e6b06f919f11, allowedHardeningAdvisories: ["INTEL-SA-00334", "INTEL-SA-00615", "INTEL-SA-00657"]), MrEnclave(0x248356aa0d3431abc45da1773cfd6191a4f2989a4a99da31f450bd7c461e312b, allowedHardeningAdvisories: ["INTEL-SA-00334", "INTEL-SA-00615", "INTEL-SA-00657"])])
2024-01-11T16:54:10-0800 info com.mobilecoin : FogResolver.swift:48:addReportResponse(reportUrl:reportResponse:) - 
2024-01-11T16:54:10-0800 info com.mobilecoin : FogResolver.swift:49:addReportResponse(reportUrl:reportResponse:) - 


2024-01-11T16:54:10-0800 info com.mobilecoin : FogResolver.swift:50:addReportResponse(reportUrl:reportResponse:) - reportUrl: fog://fog.test.mobilecoin.com
2024-01-11T16:54:10-0800 info com.mobilecoin : FogResolver.swift:51:addReportResponse(reportUrl:reportResponse:) - reportResponse base64: CskeEr0eCoMCCoACj6B9Nv2lM9evi5I0JS9q2Jgh2GyuTzDK0o7jjLROhg3wXxaeexkYX75bMPFixBLhSpBa51eBvpGfjxaAat7oxWeehUQr5hzvCZzgFbhNcal9LkE8h1u7hSmTV70PjKj4rmix/aQZ8uzIk5AOxx1wTbu+vwTmhg7wbTjfZTc92II8tYVr33T6RPZp+JMk6Hd9jCXfDnNXV6NiZYjLFCft7H0Z6YtNChFruem10ZZmRlTc/6Q4de/4gKd6prf57goN5wdt4/OZoZai4YBSnFmFtTvjo7OdUCpu+6qgHQZdB4BsdSkVECwE5KZUVuqZxEFse18IwXiknMfBnMmsKu7aVBKlCTCCBKEwggMJoAMCAQICCQDRB3ZdMqOwljANBgkqhkiG9w0BAQsFADB+MQswCQYDVQQGEwJVUzELMAkGA1UECAwCQ0ExFDASBgNVBAcMC1NhbnRhIENsYXJhMRowGAYDVQQKDBFJbnRlbCBDb3Jwb3JhdGlvbjEwMC4GA1UEAwwnSW50ZWwgU0dYIEF0dGVzdGF0aW9uIFJlcG9ydCBTaWduaW5nIENBMB4XDTE2MTEyMjA5MzY1OFoXDTI2MTEyMDA5MzY1OFowezELMAkGA1UEBhMCVVMxCzAJBgNVBAgMAkNBMRQwEgYDVQQHDAtTYW50YSBDbGFyYTEaMBgGA1UECgwRSW50ZWwgQ29ycG9yYXRpb24xLTArBgNVBAMMJEludGVsIFNHWCBBdHRlc3RhdGlvbiBSZXBvcnQgU2lnbmluZzCCASIwDQYJKoZIhvcNAQEBBQADggEPADCCAQoCggEBAKl6LeDmbqYUfJ7nRawBYmhscZIJmvxLPwQPrW3gk1EddOgC9RDXFgOBV9yvhPQQS9P+1+a4+ZyIF/0f9bm4ZClsPYH6jxtyngLSHXL/7kztcl7+dL6mj7xNQkQob83Uv2RAakOaFby0z2d1RInEI5crSoDfXC58W8Lbry1Cu3skT3yVv5LHXTsz/FQQZ4qJWJ0Qg9o6zEWfJwTNmVmMJ158GHjgB1flvbToQCJsEcChf/ecgLFcHdta8hzCQXBh+9Ki2oGe07crfvqjv+vigFybisGao0ZRLUhM/IGUHhX1WIHMEn6PeqEjAM1a+1dC+h0gy0Z6W+scZmz3ajaJeLUCAwEAAaOBpDCBoTAfBgNVHSMEGDAWgBR4Q3t2pn680K9+QjfrNXw7hwFRPDAOBgNVHQ8BAf8EBAMCBsAwDAYDVR0TAQH/BAIwADBgBgNVHR8EWTBXMFWgU6BRhk9odHRwOi8vdHJ1c3RlZHNlcnZpY2VzLmludGVsLmNvbS9jb250ZW50L0NSTC9TR1gvQXR0ZXN0YXRpb25SZXBvcnRTaWduaW5nQ0EuY3JsMA0GCSqGSIb3DQEBCwUAA4IBgQBnCLYbXCvSFUc+K0avmShPu5OdPzsVLJlvGmrzsym9IgsdO2EPa84uZ1O97TBNshkS84UlYhbPy6RWvZaUC+iS9WkMJg0e+E8WBgQCIuX+COUyaAghKkR8/dZKRulL8p9rS5pyHSWzxOL2L1i67V13xQUkjw+AH5+/t/11IIAJXO6Ak4szn227ThZWAOIOSnGIEtSdmQHjEKm1HWbHmQnGmWWZ+ubXannvFF2ZQ78dPjXTtC0fuaRcvo7jNMFm7ufTL83Jk1247Iux2Os3ed2KuStuOH8BR0UPHjgdCFgfuD3zOxXgAKWb5X6pSjpS3GS9rslZs0ZMkeclu9rqPZnoV+OAojydn7HvWOnkLXHxITD5Jh1yNNbDfisD26QN/fsTrErY4T/TdWNWtrUAFaPslYC4Fdh8LO9xXNKN8Au/KjxAPr9mkbPwXt2RQ4A8oIXP9X4FPuwvj+pG6neKaMm+iFvCgiW8XzCb5KK3TToDlFMZ3TxxIv7W/1O7i4yzoDwSzwowggVLMIIDs6ADAgECAgkA0Qd2XTKjsJQwDQYJKoZIhvcNAQELBQAwfjELMAkGA1UEBhMCVVMxCzAJBgNVBAgMAkNBMRQwEgYDVQQHDAtTYW50YSBDbGFyYTEaMBgGA1UECgwRSW50ZWwgQ29ycG9yYXRpb24xMDAuBgNVBAMMJ0ludGVsIFNHWCBBdHRlc3RhdGlvbiBSZXBvcnQgU2lnbmluZyBDQTAgFw0xNjExMTQxNTM3MzFaGA8yMDQ5MTIzMTIzNTk1OVowfjELMAkGA1UEBhMCVVMxCzAJBgNVBAgMAkNBMRQwEgYDVQQHDAtTYW50YSBDbGFyYTEaMBgGA1UECgwRSW50ZWwgQ29ycG9yYXRpb24xMDAuBgNVBAMMJ0ludGVsIFNHWCBBdHRlc3RhdGlvbiBSZXBvcnQgU2lnbmluZyBDQTCCAaIwDQYJKoZIhvcNAQEBBQADggGPADCCAYoCggGBAJ88ZH61dzy7US0nMsDXQV67VaD6nt4uZJGZ5oIduRDVMXc3CXdGampeR4bM0t3r1BSdai9jJVKd0QzJhzewd5waB+KcR6GuAElIR2xIn0WloV16yOzGrMZFrbQ9h2ed9ZwJO8Wi6WlsVHhUG5eedUtXORS+VdMv9MCd3ychmTTNmQUns/ku14+/KSRqvstxJA7znC1xB7RHVFp/+xDrBgpoqYWAIZ42kQlSaDiS1qXiqAgDGT5AdTFATjazFWI3maqCUHRAl1Si3+j1r9X+Yx4fwq84CJBvKKeQ2d2f4GCTmxJXkMWAXQN99WqZUxuW3mneM+0ibMEgfRBCtcmrf0BPxxHA/kdp+5V4sdwOxGnqGiXg/5kUiG7yaZsjW7SEfdb/QLYG5hcHk8L7mLMUWH+c/SVzYt/qsQs70tl2c6GkvUTEU6r0f8Hy09DzhPdKBvicCJ8Nps23/O7oyYIajlTyXAQW0YxGg5pfgBL73T3HTSViea3CwNVa/28GIkJdGwIDAQABo4HJMIHGMGAGA1UdHwRZMFcwVaBToFGGT2h0dHA6Ly90cnVzdGVkc2VydmljZXMuaW50ZWwuY29tL2NvbnRlbnQvQ1JML1NHWC9BdHRlc3RhdGlvblJlcG9ydFNpZ25pbmdDQS5jcmwwHQYDVR0OBBYEFHhDe3amfrzQr35CN+s1fDuHAVE8MB8GA1UdIwQYMBaAFHhDe3amfrzQr35CN+s1fDuHAVE8MA4GA1UdDwEB/wQEAwIBBjASBgNVHRMBAf8ECDAGAQH/AgEAMA0GCSqGSIb3DQEBCwUAA4IBgQB4Xy1gxcgK9Cp5dhAhORXagsmynongkColpsdbFgkcaKsgSq5xGIlJLH4eMgkRRVqPwTRCMS53pjmU2ZeVyOpFdoI86orR4ZHPqGL6uKky09mwU1oHAtBVX3TlIOMDMPM0gOetydfIHiBwMUK/AMUoqAtGM4H9YCqCxwNSgarllWLMtTNOqJA+ZQsBBoH1zo62LqycQUmIJDrskvJb8Tzf9+vMKY7lG7paNTi2aybLxFpR3gA8rTBlMa189dTvD4gF0bkTPSQTWrPEZBoviAg0nXMzKV4Odu5LxSJyMmKO+oDXnZKrTj0RIPP7WtEZzY1USqHUpoZea1e+rFdxMH4uPLkHDaR7S/yIaeAUE+oJNUHeinkoEbdGNsXpFFLPDO5Z8vtASs0LxYTLnINUBHNMDn7GYFzfzy/0ObbUcZ9wLw4MP6BP2xKmyyrRqxya8fj0w6CO3XKjKwu10K0lb/0Vmmg7KlofHRH6YlMvA9dUyu8NpXNaHlqITH6J2RIYydcaugh7Im5vbmNlIjoiMTQxMzlmMTY2OTk3MjIyYzYzOWM1OWQzMmMwNTkyNGEiLCJpZCI6IjE3NjgwMjQ5MjU4Njg5NjE5NjM4MDIwMTUwNTg3MTQ0MDM2Mjk5MiIsInRpbWVzdGFtcCI6IjIwMjQtMDEtMTFUMjI6MDk6NDkuNTk4NDI2IiwidmVyc2lvbiI6NCwiZXBpZFBzZXVkb255bSI6ImdLSDBkZXhFcFlmdXlhR2dhS0tXbUg0Vko4cjBMM2FmMVcvL3A2eWErV2FOOUJBbFNXMUdqM05PV3ZyUUlFQXlMQ29mM2Z3Uzlwa0xuWnJZazNDWFFGT0hPdmNzeWRWZGxmQUVmL0RjUTZFZVNqck91OVhjRmlmVm1LSVpVR3RPQmxOczVNTkVXcXdFa3NqS2tGN054ck1Bc3VtOGRLS24zV1kzanRHRTJxOD0iLCJhZHZpc29yeVVSTCI6Imh0dHBzOi8vc2VjdXJpdHktY2VudGVyLmludGVsLmNvbSIsImFkdmlzb3J5SURzIjpbIklOVEVMLVNBLTAwMzM0IiwiSU5URUwtU0EtMDA2MTUiXSwiaXN2RW5jbGF2ZVF1b3RlU3RhdHVzIjoiU1dfSEFSREVOSU5HX05FRURFRCIsImlzdkVuY2xhdmVRdW90ZUJvZHkiOiJBZ0FCQUt3TUFBQU5BQTBBQUFBQUFMM2xnMzRIUE9rcTV1L3kwbDk0eHVNQUFBQUFBQUFBQUFBQUFBQUFBQUFBRlJVTEIvK0FEZ0FBQUFBQUFBQUFBQUFBQUFBQUFBQUFBQUFBQUFBQUFBQUFBQUFBQUFBQUFBQUFBQUFBQUFBQUJRQUFBQUFBQUFBSEFBQUFBQUFBQUNTRFZxb05OREdyeEYyaGR6ejlZWkdrOHBpYVNwbmFNZlJRdlh4R0hqRXJBQUFBQUFBQUFBQUFBQUFBQUFBQUFBQUFBQUFBQUFBQUFBQUFBQUFBQUFDL2Y2bFhwcWxLeTFpSVVieUhaK0RLVjNCc2VmVDhLcWE4dVpNQkxEdzRiQUFBQUFBQUFBQUFBQUFBQUFBQUFBQUFBQUFBQUFBQUFBQUFBQUFBQUFBQUFBQUFBQUFBQUFBQUFBQUFBQUFBQUFBQUFBQUFBQUFBQUFBQUFBQUFBQUFBQUFBQUFBQUFBQUFBQUFBQUFBQUFBQUFBQUFBQUFBQUFBQUFBQUFBQUFBUUFCd0FBQUFBQUFBQUFBQUFBQUFBQUFBQUFBQUFBQUFBQUFBQUFBQUFBQUFBQUFBQUFBQUFBQUFBQUFBQUFBQUFBQUFBQUFBQUFBQUFBQUFBQUFBQXl0a2dSKzdOMWFYQllwMmJCMkdOcFFQTVRidFFteHY4UlRXVDJJNmllTnNBbGl1dFh0Vk5MUUhZejJ0REhUZHMxR1VFbXcwN2VhcU9EbWJrRGRUUUcifRm+yiQAAAAAABLZBjCCA1UwggI9oAMCAQICAhAAMA0GCSqGSIb3DQEBCwUAMIGNMQswCQYDVQQGEwJVUzEWMBQGA1UEBwwNU2FuIEZyYW5jaXNjbzETMBEGA1UECAwKQ2FsaWZvcm5pYTEVMBMGA1UECgwMVGVzdE5ldCBPTkxZMRAwDgYDVQQLDAdUZXN0TmV0MSgwJgYDVQQDDB9UZXN0TmV0IFBlbnVsdGltYXRlIEF1dGhvcml0eSAxMCAXDTIxMDMxMTAwNTQ1NFoYDzIwNzEwMzExMDA1NDU0WjCBiDELMAkGA1UEBhMCVVMxFjAUBgNVBAcMDVNhbiBGcmFuY2lzY28xEzARBgNVBAgMCkNhbGlmb3JuaWExFTATBgNVBAoMDFRlc3ROZXQgT05MWTEQMA4GA1UECwwHVGVzdE5ldDEjMCEGA1UEAwwaVGVzdE5ldCBMZWFmIENlcnRpZmljYXRlIDEwKjAFBgMrZXADIQCrfN6i/ZaV4h9ivoEsWwtKp9Thzd0BTqEUT8Phrq8D16OBuTCBtjAJBgNVHRMEAjAAMBEGCWCGSAGG+EIBAQQEAwIEMDAxBglghkgBhvhCAQ0EJBYiT3BlblNTTCBHZW5lcmF0ZWQgVGVzdCBDZXJ0aWZpY2F0ZTAdBgNVHQ4EFgQUi4wvQXB3jD2/eJO8FB6GV7rNjbgwHwYDVR0jBBgwFoAUq8H5HFiIuVOtuJe8QJPM1p9EcN0wDgYDVR0PAQH/BAQDAgXgMBMGA1UdJQQMMAoGCCsGAQUFBwMEMA0GCSqGSIb3DQEBCwUAA4IBAQCi3bYvNq3rt38BdYFP+5Tn2EQj4fXiWNSjngHRBF/6lsMZBWIKJvRrUAXwGO49L9JU1KQ5EQpf7oIkZNm2dQawZ4IfdccOdf3PPS6HZ2LljvAcrMaQPyLGNvBwyCpDWCRHB8Mm5alergGeFJ1VG6VDeEWAhVy3SSAOZK6weD2TSo7QAjQwMhEjy9TA0JuupLY1iVvJsGeEWHQW1/ktwA6TMmLzaiN7e4erBbIpCeNxQt9BmBLHK01Di5n3e1btbHuGmEaldAXDfr/V26KS3HiVEekBArnEJmqqJrkOo/ObUcn1SMUH7h+ipCQ3Keq3UkG2n+oPyxCn0APM9Qf2booeEvsJMIIE9zCCAt+gAwIBAgICEAAwDQYJKoZIhvcNAQELBQAwgYQxCzAJBgNVBAYTAlVTMRMwEQYDVQQIDApDYWxpZm9ybmlhMRYwFAYDVQQHDA1TYW4gRnJhbmNpc2NvMRUwEwYDVQQKDAxUZXN0TmV0IE9OTFkxEDAOBgNVBAsMB1Rlc3ROZXQxHzAdBgNVBAMMFlRlc3ROZXQgUm9vdCBBdXRob3JpdHkwIBcNMjEwMzExMDA1NDU0WhgPMjA3MTAzMTEwMDU0NTRaMIGNMQswCQYDVQQGEwJVUzEWMBQGA1UEBwwNU2FuIEZyYW5jaXNjbzETMBEGA1UECAwKQ2FsaWZvcm5pYTEVMBMGA1UECgwMVGVzdE5ldCBPTkxZMRAwDgYDVQQLDAdUZXN0TmV0MSgwJgYDVQQDDB9UZXN0TmV0IFBlbnVsdGltYXRlIEF1dGhvcml0eSAxMIIBIjANBgkqhkiG9w0BAQEFAAOCAQ8AMIIBCgKCAQEAuY6bcRjfv0BcivGIpgkVMtEW/EJKRHfrUo58HbTQxubHvGALp//x6535vyb6Z5qjErSUhf5e0qk8FCHrDogheq3599bw3sMEly6xFr7CSgHh4HRwDTAcp35lkb7ysUitwSaaDFcgF0JlbEojRRraynBhthWbCkOHoQ+xFCDbgFNOV6MdT4Hx9P4aGaqdV/thZTDejmNffqpxuEvhSUuIBom1SfrEU/JDKyf+ERuxnc3vE8QFI0qQ9vSp+LlXp1xZsonOOCqL6FBZIvoj7PQxWNuupn0eM+yLF9FCFr3ydReu0wxfBIshrSjsHcCQIJKVaBNjVG5jALtgWULnDQwlFwIDAQABo2YwZDAdBgNVHQ4EFgQUq8H5HFiIuVOtuJe8QJPM1p9EcN0wHwYDVR0jBBgwFoAUXr/lP5wtID3/fFvCg5ksHPGkM7YwEgYDVR0TAQH/BAgwBgEB/wIBADAOBgNVHQ8BAf8EBAMCAYYwDQYJKoZIhvcNAQELBQADggIBACkfiLXzU44Qqr8o1LnxMb6H9KvWu17SIw21UfhFCbPY6gjvXklqisbdXYWoZIOWiFf1N8/LhM5bcVjwaezs/diGYEQfF/2qCjRAMlJRObiHFrLDLsHhImt3vi3n3TjQII6Jqd155krXo5DW4mc3LUC2LY7ElVI6TMLNECYeposezcnYxD7sVb4x9xfZcvQawfzcMidIhMaZaTJD21MCxmog5YQC2Slz9s1H9KjTSDJKTDWMcYoU9mwLGBQKCuKhPYMIF8Vy1XaGczGKshBGn9mCsxf1w0DLQNt+yiI9kGzA15QO/Bl2xXZhU4Lmmp5XBDrFWwRBl38mf+9K2XuJJL5yFzV6ZKLhONvpdw20nQ4xRhByqAUyiWSw4ld7VlX1mRweAlZP47540871lbCRr510EqrcygVQ6+TTHnlKr6RIkq3h4DvWXqYCySA78oSNf4MFgJGyx82FQ80ggiUDxBk0ZIUlZU2WILl/o+xmwbh9P9ixnqlO8C5T07ExW+02k+HDg7c34naeuXRxLEakA4sBRkELtTGcp5khBZEs8obyC/WKb6q1LB0sq/Uo1ihc98br6sgARSUtYLx5GS3cJLs+bQ0rwOMAGObRyfovpslMBxBxYV6ApKytgY7juuyeByb5vgsqgSE1pnlItfYH+4gNcwC0V9p4IFU9EGioeNugEoEMMIIF/TCCA+WgAwIBAgIUQBCvbJpb37K1zVrw2YeaCX69FDgwDQYJKoZIhvcNAQELBQAwgYQxCzAJBgNVBAYTAlVTMRMwEQYDVQQIDApDYWxpZm9ybmlhMRYwFAYDVQQHDA1TYW4gRnJhbmNpc2NvMRUwEwYDVQQKDAxUZXN0TmV0IE9OTFkxEDAOBgNVBAsMB1Rlc3ROZXQxHzAdBgNVBAMMFlRlc3ROZXQgUm9vdCBBdXRob3JpdHkwIBcNMjEwMzExMDA1NDU0WhgPMjA3MTAzMTEwMDU0NTRaMIGEMQswCQYDVQQGEwJVUzETMBEGA1UECAwKQ2FsaWZvcm5pYTEWMBQGA1UEBwwNU2FuIEZyYW5jaXNjbzEVMBMGA1UECgwMVGVzdE5ldCBPTkxZMRAwDgYDVQQLDAdUZXN0TmV0MR8wHQYDVQQDDBZUZXN0TmV0IFJvb3QgQXV0aG9yaXR5MIICIjANBgkqhkiG9w0BAQEFAAOCAg8AMIICCgKCAgEAvnB9wTbTOT5uoizRYaYbw7XIEkInl8E7MGOAQj+xnC+F1rIXiCnc/t1+5IIWjbRGhWzo7RAwI5sRajn2sT4rRn9NXbOzZMvIqE4hmhmEzy1YQNDnfALAWNQ+WBbYGW+Vqm3IlQvAFFjVN1YYIdYhbLjAPdkgeVsWfcLDforHn6rR3QBZYZIlSBQSKRMY/tywTxeTCvK2zWcS0kbbFPtBcVth7VFFVPAZXhPi9yy1AvnldO6n7KLiupVmojlEMtv4FQkk604nal+j/dOplTATV8a9AJBbPRBZ/yQg57EG2Y2MRiHOQifJx0S5VbNyMm9bkS8TD7Goi59aCW6OT1gyeotWwLg60JRZTfyJ7lYWBSOzh0OnaCytRpSWtNZ6barPUeOnftbnJtE8rFhF7M4F66et0LI/cuvXYecwVwykovEVBKRF4HOK9GgSm17mQMtzrD7c558TbaucOWabYR04uhdAc3s10MkuONWG0wIQhgIChYVAGnFLvSpp2/aQEq3xrRSETxsixUIjsZyWWROkuA0IFnc8d7AmcnUBvRW7FT/5thWyk5agdYUGZ+7C1o69ihR1YxmoGh69fLMPIEOhYh572+3ckgl2SaV4uo9Gvkz8MMGRBcMIMlRirSwhCfozV2RyT5Wn1NgPpyc8zJL7QdOhL7Qxb+5WjnCVrQYHI2cCAwEAAaNjMGEwHQYDVR0OBBYEFF6/5T+cLSA9/3xbwoOZLBzxpDO2MB8GA1UdIwQYMBaAFF6/5T+cLSA9/3xbwoOZLBzxpDO2MA8GA1UdEwEB/wQFMAMBAf8wDgYDVR0PAQH/BAQDAgGGMA0GCSqGSIb3DQEBCwUAA4ICAQCSRcz3r6ic81HlXi/A52LGQHFBV/Ds7LqCt1JtU+N5mjMyb7PxZqQKbDVdfpjbqP3+tw1N9za5/7RmMIFm3O9SEfsRr/UHv1XBSAD7J8OqoeLnVptDvcmMYIHJu0pQuT5gKsCiGVYwDuyK+5Wr+q9PoKn8rgVVTAP7s7adbwrgL8xPQoWWdX6aSRCjPlCSmbXIEWJx2gI/kiGsYk03r3Zbu8B6RcSeBmeHwwNvr5MhYf2Dp212oN3iIYLLN5kPV5uhwCVi5rF6aEy9ZB8AOdltNHYRKzhE0wUdIyA+KR3ScqmFAfNMUwiP9l/6PVlQYMtfGhaQPHPuUYmfUgApSUojHLIpdiGUPbDnZB5R07WIlhLldrthOGZDCugdscpME4e/kNtPueDQczUvUFPE6QJSoH8qhqeGFKXUhCvFgQubpWE9xVYkzZxNohBdaaFKYqHqo7+WpddvQDwPHb5tSMq7rUvdH/Iiehb450mycLkjVDkD9kfkG5txle5J/B6S9TKE/73bgiuDGS4lK21YOMdxDmlVpcNaDivtuMdy90mF5IxACPmJXUhKIb+N7kgbVxNQGL+3G5eI8z5Xw4q1L1GgGjg7LEOvBgAOCVjPNZNhy4XyPK6oxWFspa3BLyMsqCu4+JJXguFdTkpRx/xBVL2aizG0ou6gR6eE6eyLak2aohpAJjqTNAh5idBEuvH0QHfnm5Mf7PqT4QIrGfDFLIyDNrqvtTeiFD+G5WRSJUeDzCBWAUJ61Spv4xSTSl/bSNiJBA==
2024-01-11T16:54:10-0800 info com.mobilecoin : Attested call successful. url: fog://fog.test.mobilecoin.com
2024-01-11T16:54:10-0800 info com.mobilecoin : FogResolver.swift:52:addReportResponse(reportUrl:reportResponse:) - 


fog report id 
pubkey expiry 2411198
verification report sig 8fa07d36fda533d7af8b9234252f6ad89821d86cae4f30cad28ee38cb44e860df05f169e7b19185fbe5b30f162c412e14a905ae75781be919f8f16806adee8c5679e85442be61cef099ce015b84d71a97d2e413c875bbb85299357bd0f8ca8f8ae68b1fda419f2ecc893900ec71d704dbbbebf04e6860ef06d38df65373dd8823cb5856bdf74fa44f669f89324e8777d8c25df0e735757a3626588cb1427edec7d19e98b4d0a116bb9e9b5d196664654dcffa43875eff880a77aa6b7f9ee0a0de7076de3f399a196a2e180529c5985b53be3a3b39d502a6efbaaa01d065d07806c752915102c04e4a65456ea99c4416c7b5f08c178a49cc7c19cc9ac2aeeda54
2024-01-11T16:54:19-0800 debug com.mobilecoin : TransactionBuilder.swift:184:build(context:inputs:possibleTransaction:presignedInput:) - 
2024-01-11T16:54:19-0800 debug com.mobilecoin : TransactionBuilder.swift:185:build(context:inputs:possibleTransaction:presignedInput:) - PreparedTxInputs:::

2024-01-11T16:54:19-0800 debug com.mobilecoin : TransactionBuilder.swift:187:build(context:inputs:possibleTransaction:presignedInput:) - PreparedTxInput:

knownTxOut:
KnownTxOut:

ledgerTxOut: LedgerTxOut
LedgetTxOut:

txOut: PartialTxOut:
PartialTxOut

encryptedMemo: Data66 base 64 DcunL2+v248PqyQ7RG8AQKONJ+lA4wKIkOuIpcnOMKRDHl837UdMHllJgh1xQePulv0dsHOZ7MCtWfiz5cKxTQT1
maskedAmount: MaskedAmount:
MaskedAmount:

maskedValue: UInt64 17792466809847936602
maskedTokenId: Data base64 EC9Fg2/A4JE=
commitment: Data32 base64 AAAAAAAAAAAAAAAAAAAAAAAAAAAAAAAAAAAAAAAAAAA=
version: Version Version 2

targetKey: RistrettoPublic base64 uI3cGUyMcR84o6le4TOGXQQAG2W5ewmiGtdS3ZIRY1s=
publicKey: RistrettoPublic base64 WjPg2BFIBHDstggSjcxRgifgtaOu1ovMV51zyAbMpUs=
commitment: Data32 base64 { AAAAAAAAAAAAAAAAAAAAAAAAAAAAAAAAAAAAAAAAAAA= }

globalIndex: UInt64 4533908
block: BlockMetadata
BlockMetadata:

index 1493080
timestamp unix Optional(1677540712.0)


accountKey serializedData base64:
CiIKIMM0eFjAenKpb/qWCpMpLBobETadGuaJCNy45N0Ej7sPEiIKIEU+8R66uCyb7xsVbX9qAPUa6cTxIpeQNIEQFoPbWFUKGh1mb2c6Ly9mb2cudGVzdC5tb2JpbGVjb2luLmNvbSqmBDCCAiIwDQYJKoZIhvcNAQEBBQADggIPADCCAgoCggIBAL5wfcE20zk+bqIs0WGmG8O1yBJCJ5fBOzBjgEI/sZwvhdayF4gp3P7dfuSCFo20RoVs6O0QMCObEWo59rE+K0Z/TV2zs2TLyKhOIZoZhM8tWEDQ53wCwFjUPlgW2BlvlaptyJULwBRY1TdWGCHWIWy4wD3ZIHlbFn3Cw36Kx5+q0d0AWWGSJUgUEikTGP7csE8Xkwryts1nEtJG2xT7QXFbYe1RRVTwGV4T4vcstQL55XTup+yi4rqVZqI5RDLb+BUJJOtOJ2pfo/3TqZUwE1fGvQCQWz0QWf8kIOexBtmNjEYhzkInycdEuVWzcjJvW5EvEw+xqIufWglujk9YMnqLVsC4OtCUWU38ie5WFgUjs4dDp2gsrUaUlrTWem2qz1Hjp37W5ybRPKxYRezOBeunrdCyP3Lr12HnMFcMpKLxFQSkReBzivRoEpte5kDLc6w+3OefE22rnDlmm2EdOLoXQHN7NdDJLjjVhtMCEIYCAoWFQBpxS70qadv2kBKt8a0UhE8bIsVCI7GcllkTpLgNCBZ3PHewJnJ1Ab0VuxU/+bYVspOWoHWFBmfuwtaOvYoUdWMZqBoevXyzDyBDoWIee9vt3JIJdkmleLqPRr5M/DDBkQXDCDJUYq0sIQn6M1dkck+Vp9TYD6cnPMyS+0HToS+0MW/uVo5wla0GByNnAgMBAAE=

ring:

txOut serializedData base64:
EiIKIHSPij/KeVMYtv1X6Ues94hiGsbBIZBTdoVjZ4ZUDGlTGiIKIDh2iTjCIENC4bJwGkruhwmfjiUFe54Po0Zg4zgJxxdRIlYKVAAAAAAAAAAAAAAAAAAAAAAAAAAAAAAAAAAAAAAAAAAAAAAAAAAAAAAAAAAAAAAAAAAAAAAAAAAAAAAAAAAAAAAAAAAAAAAAAAAAAAAAAAAAAAAAACpECkIBFxHLFiUwvAMBCYoUwFoTYK+sMPluv7/gfvxK4d+g4cjSXimPWDZCX42bdCAWYT1ODfC+ps5DH3tc2d7HPy/I8dIyNwoiCiDuTa7PT8mDRjclQ6O3fKSIDGMOYIJu9YlHL/cqSifmRxFQwsc9D3+fUxoIMGBGJN4+SM0=

membershipProof base64:
CPrclAIQio3JAxowCgoI+tyUAhD63JQCEiIKIFx+7REp9AoEcPFo0/Gm5JYXRTZw42YPy79NZdKhlKEZGjAKCgj73JQCEPvclAISIgog69h8YgRFDoYPyPO0nHVhTwW2H7nokTKaz7Ci2pycsRsaMAoKCPjclAIQ+dyUAhIiCiBmwPOJ28T1tj7szv4MwEQfX1XAfpNVrzDGXJuZZVvfMRowCgoI/NyUAhD/3JQCEiIKIAwLnIZsHObtELW5/wVhs1Pv7KiEwxU6T3MFuVjGuPyRGjAKCgjw3JQCEPfclAISIgogPIt9a29QhSELfiVKhEHqiOI1o2OK7CzLucYo29OnBlgaMAoKCODclAIQ79yUAhIiCiABXwDLrCE6aF/x7MFAvrQX+fpjQO2gmR3SNfDLTZTowxowCgoIwNyUAhDf3JQCEiIKIHRuI8xC+qYgDWW2tvXZYbqSi3Z5u1PEQ+4JlUZO09kwGjAKCgiA3JQCEL/clAISIgogr3Z7tfLq6a5kZQ8a9Qbtke9192uT6HXwYKAkPVxctjEaMAoKCIDdlAIQ/92UAhIiCiDTfLeuccfyHkaBZPfhg0YIeGWkxIlxbhx+KJKVk32ziRowCgoIgN6UAhD/35QCEiIKIBwEw0motZtNt6XFN5D+Wo/AS8AyDGy/P7q6PRKDFN9nGjAKCgiA2JQCEP/blAISIgogZGeJNzqwbEZNyTcEAcvj8IX9V4312sDkRQSTH7gb4UQaMAoKCIDQlAIQ/9eUAhIiCiB7z29AbdZm7GATv9O5bSEzi2U9bFi2k/1M4++dXgUukRowCgoIgMCUAhD/z5QCEiIKINhEIC4bPsgEsHgEoDTPOTW74pCUcyhViMjf9WxgJRfZGjAKCgiA4JQCEP//lAISIgog1Vg9A8Jl9DnGv+GpDvCXnoprYr0IDEq3uJo0i4SKB74aMAoKCICAlAIQ/7+UAhIiCiAihgBa4TL2CNLc9dXDJ+wudr6mOE2JIr+OGiDyx7WGLxowCgoIgICVAhD//5UCEiIKIMRnrZbAi8durDbxeIlRXZAVA3KcqZajWoDybZXAX+SxGjAKCgiAgJYCEP//lwISIgogCGY3hKTok+6SQSagIjGAljuexVMH2dIpfs7zf0jJ2MwaMAoKCICAkAIQ//+TAhIiCiD3pwUiZ1G3bbQXsuFQEITMDEpjq/epchKMMpZE84RpZxowCgoIgICYAhD//58CEiIKIL2ZuHwyEjygKYxa23PalV8u6TuKScv0xkTErHvb4V6/GjAKCgiAgIACEP//jwISIgogOuWOifZLxZdnHM9cJRNxt7klsgf5RS8kBk/aVbnol8YaMAoKCICAoAIQ//+/AhIiCiBiyOUxbUKOdinjnsdLiIQLf9IcsdSXiWBNOfz7F0Ej3howCgoIgIDAAhD///8CEiIKIGdQOJFwmHWMImpOZfLnCXJt4Z4X1nEDXuaQFZQZimirGjAKCgiAgIADEP///wMSIgogny4V0Z3jAicBsS9t9rXHTmeYRKNqvwqT0vBR5o5jLW8aKwoFEP///wESIgog5ShKUJJkphosZeKgYNWqZ0XGnItivJ8FzYeNyfWka4k=
txOut serializedData base64:
EiIKIAD3OYWvhaLq155GB74PcU9JD3E3R27TOu8ndq9stHMYGiIKIEZeYyrFihpB4wrG+gRtvlc9KuD9MYIShNDwRybQ6EdYIlYKVBRJT3Ua4vGI/0yWE/otfgMhqYuJxnL9gMusQazeeV4rZFZq9vG0e2IH5llPRznqhQndJumk34cP7npj066uyqrwfl1ZKFsbMvFYBc9bTwHFw+gBACpECkKW5KXIOHGSswv/h41K/9clCdQ42qDHGsZ5INZX280wJTHyNxL+qVwUKMuDGGONAFSxwZJOyilQLcZVtkCM0x1/o5UyNwoiCiDSiFDkjZmmN86bS11/M0YWC1pgBP51hWWSZ5+WTCNqKBGa72ltiHA4pxoI7X67hlBBSXQ=

membershipProof base64:
CPvclAIQio3JAxowCgoI+9yUAhD73JQCEiIKIOvYfGIERQ6GD8jztJx1YU8Fth+56JEyms+wotqcnLEbGjAKCgj63JQCEPrclAISIgogXH7tESn0CgRw8WjT8abklhdFNnDjZg/Lv01l0qGUoRkaMAoKCPjclAIQ+dyUAhIiCiBmwPOJ28T1tj7szv4MwEQfX1XAfpNVrzDGXJuZZVvfMRowCgoI/NyUAhD/3JQCEiIKIAwLnIZsHObtELW5/wVhs1Pv7KiEwxU6T3MFuVjGuPyRGjAKCgjw3JQCEPfclAISIgogPIt9a29QhSELfiVKhEHqiOI1o2OK7CzLucYo29OnBlgaMAoKCODclAIQ79yUAhIiCiABXwDLrCE6aF/x7MFAvrQX+fpjQO2gmR3SNfDLTZTowxowCgoIwNyUAhDf3JQCEiIKIHRuI8xC+qYgDWW2tvXZYbqSi3Z5u1PEQ+4JlUZO09kwGjAKCgiA3JQCEL/clAISIgogr3Z7tfLq6a5kZQ8a9Qbtke9192uT6HXwYKAkPVxctjEaMAoKCIDdlAIQ/92UAhIiCiDTfLeuccfyHkaBZPfhg0YIeGWkxIlxbhx+KJKVk32ziRowCgoIgN6UAhD/35QCEiIKIBwEw0motZtNt6XFN5D+Wo/AS8AyDGy/P7q6PRKDFN9nGjAKCgiA2JQCEP/blAISIgogZGeJNzqwbEZNyTcEAcvj8IX9V4312sDkRQSTH7gb4UQaMAoKCIDQlAIQ/9eUAhIiCiB7z29AbdZm7GATv9O5bSEzi2U9bFi2k/1M4++dXgUukRowCgoIgMCUAhD/z5QCEiIKINhEIC4bPsgEsHgEoDTPOTW74pCUcyhViMjf9WxgJRfZGjAKCgiA4JQCEP//lAISIgog1Vg9A8Jl9DnGv+GpDvCXnoprYr0IDEq3uJo0i4SKB74aMAoKCICAlAIQ/7+UAhIiCiAihgBa4TL2CNLc9dXDJ+wudr6mOE2JIr+OGiDyx7WGLxowCgoIgICVAhD//5UCEiIKIMRnrZbAi8durDbxeIlRXZAVA3KcqZajWoDybZXAX+SxGjAKCgiAgJYCEP//lwISIgogCGY3hKTok+6SQSagIjGAljuexVMH2dIpfs7zf0jJ2MwaMAoKCICAkAIQ//+TAhIiCiD3pwUiZ1G3bbQXsuFQEITMDEpjq/epchKMMpZE84RpZxowCgoIgICYAhD//58CEiIKIL2ZuHwyEjygKYxa23PalV8u6TuKScv0xkTErHvb4V6/GjAKCgiAgIACEP//jwISIgogOuWOifZLxZdnHM9cJRNxt7klsgf5RS8kBk/aVbnol8YaMAoKCICAoAIQ//+/AhIiCiBiyOUxbUKOdinjnsdLiIQLf9IcsdSXiWBNOfz7F0Ej3howCgoIgIDAAhD///8CEiIKIGdQOJFwmHWMImpOZfLnCXJt4Z4X1nEDXuaQFZQZimirGjAKCgiAgIADEP///wMSIgogny4V0Z3jAicBsS9t9rXHTmeYRKNqvwqT0vBR5o5jLW8aKwoFEP///wESIgog5ShKUJJkphosZeKgYNWqZ0XGnItivJ8FzYeNyfWka4k=
txOut serializedData base64:
EiIKIBKa1G777pgBtosG72G2L4e6S30B4MY/Ci4FLfNl68wfGiIKIEyfNtZ1spgiyDnP9zwPyALZtvyRfnHfbS/YhW9p/VcrIlYKVAAAAAAAAAAAAAAAAAAAAAAAAAAAAAAAAAAAAAAAAAAAAAAAAAAAAAAAAAAAAAAAAAAAAAAAAAAAAAAAAAAAAAAAAAAAAAAAAAAAAAAAAAAAAAAAACpECkKuCm8yiE07VKIbY37qRNc7Dr/ZddRwl+PBUAA+q5PN68Vs+iGzw+cM2PzRTUO2zNSfmw7oTNkyFGzJDzcnue05rfAyNwoiCiAMat8vORQwm2gDWkvsau9GXpHYLUCO3zzyKVHQCYqqbBFS6aGGMteV0hoIKaj70A5IBWk=

membershipProof base64:
CIHdlAIQio3JAxowCgoIgd2UAhCB3ZQCEiIKIMox4CgL7bCJ9FEhMh9NbBpPTG+ic7cZp4xStlyJoSMKGjAKCgiA3ZQCEIDdlAISIgogcsYE4pVoW967VNvH2XluCybvV8BtZng4GEuKVzdFW6waMAoKCILdlAIQg92UAhIiCiCJHkSpVZ1d/zkR+FUJi/IpsVCEzuClyvudEmiUV5cWUxowCgoIhN2UAhCH3ZQCEiIKIDLEEY8QxqzGJ0pWvinMWFDWD603A4O5ovdDuDpdLcGiGjAKCgiI3ZQCEI/dlAISIgog4fFhbvQHfLRSLNh2AXy9AGYH+nyjnUGo/mosAiuzHLwaMAoKCJDdlAIQn92UAhIiCiAWAWnMA/T8f7LGzR7nPbO5tGDsQzvNsU6H3nhqMsEafRowCgoIoN2UAhC/3ZQCEiIKIK4PwbvI3U+ej/ouOmAbU2hnj+vwz/bCKBR1/nhkBTfQGjAKCgjA3ZQCEP/dlAISIgoggTxwcviL7TSMDl5EJPMstA3s/C+m4zKulfoCZStp7vkaMAoKCIDclAIQ/9yUAhIiCiD3hi+Xbp3EOjMZvHFjeHojWznTF6UzkDYCNo5m4cAyphowCgoIgN6UAhD/35QCEiIKIBwEw0motZtNt6XFN5D+Wo/AS8AyDGy/P7q6PRKDFN9nGjAKCgiA2JQCEP/blAISIgogZGeJNzqwbEZNyTcEAcvj8IX9V4312sDkRQSTH7gb4UQaMAoKCIDQlAIQ/9eUAhIiCiB7z29AbdZm7GATv9O5bSEzi2U9bFi2k/1M4++dXgUukRowCgoIgMCUAhD/z5QCEiIKINhEIC4bPsgEsHgEoDTPOTW74pCUcyhViMjf9WxgJRfZGjAKCgiA4JQCEP//lAISIgog1Vg9A8Jl9DnGv+GpDvCXnoprYr0IDEq3uJo0i4SKB74aMAoKCICAlAIQ/7+UAhIiCiAihgBa4TL2CNLc9dXDJ+wudr6mOE2JIr+OGiDyx7WGLxowCgoIgICVAhD//5UCEiIKIMRnrZbAi8durDbxeIlRXZAVA3KcqZajWoDybZXAX+SxGjAKCgiAgJYCEP//lwISIgogCGY3hKTok+6SQSagIjGAljuexVMH2dIpfs7zf0jJ2MwaMAoKCICAkAIQ//+TAhIiCiD3pwUiZ1G3bbQXsuFQEITMDEpjq/epchKMMpZE84RpZxowCgoIgICYAhD//58CEiIKIL2ZuHwyEjygKYxa23PalV8u6TuKScv0xkTErHvb4V6/GjAKCgiAgIACEP//jwISIgogOuWOifZLxZdnHM9cJRNxt7klsgf5RS8kBk/aVbnol8YaMAoKCICAoAIQ//+/AhIiCiBiyOUxbUKOdinjnsdLiIQLf9IcsdSXiWBNOfz7F0Ej3howCgoIgIDAAhD///8CEiIKIGdQOJFwmHWMImpOZfLnCXJt4Z4X1nEDXuaQFZQZimirGjAKCgiAgIADEP///wMSIgogny4V0Z3jAicBsS9t9rXHTmeYRKNqvwqT0vBR5o5jLW8aKwoFEP///wESIgog5ShKUJJkphosZeKgYNWqZ0XGnItivJ8FzYeNyfWka4k=
txOut serializedData base64:
EiIKIBKNPlhpB+MS6xGRAiY+4cmqqyKGd6V4hnoXLtwVctIDGiIKIFCecgH/rItax+7b8RPDgCEtiYv1doemZEYAXtvNTRlSIlYKVAAAAAAAAAAAAAAAAAAAAAAAAAAAAAAAAAAAAAAAAAAAAAAAAAAAAAAAAAAAAAAAAAAAAAAAAAAAAAAAAAAAAAAAAAAAAAAAAAAAAAAAAAAAAAAAACpECkKReUqbQRzgoicm5q5RSGR9wpx+DoIQhedwBRE0F7Tlpcs8rPitRSydtOoFs/iifcTuBS2YtVdk4cKnBf1/k7ievQsyNwoiCiBaoS3AaMTJkMJHwH/bUO+VwsG2D06kOWsSlvbgTsKuKRE3mDinDASiKRoI9fc25pXeqTE=

membershipProof base64:
COXclAIQio3JAxowCgoI5dyUAhDl3JQCEiIKIG+PTYGMMove+K5oWbe4rxYU5vtrXdXXYY4Vi8WiIZ99GjAKCgjk3JQCEOTclAISIgogFIpNxFOxHldaInIYo+8V7V74lLfgrN4ZE7tqcmt4GoMaMAoKCObclAIQ59yUAhIiCiC7tULEoxwEubfIl0ZZI8XTpx+gtZClD2V/6qGiAIKFZRowCgoI4NyUAhDj3JQCEiIKIOx5kWjpIeSRdIjhZjmK0CuRlg0E3MUW4FiO2hhFWpdVGjAKCgjo3JQCEO/clAISIgog1WwYGvxg/rpEfExG9Br8KhVyCanmF2wDRha2aMa9NSIaMAoKCPDclAIQ/9yUAhIiCiC740M2yUqHjGay/SPe55WpDG3L/uzFJ3gKF8pdeh9JMxowCgoIwNyUAhDf3JQCEiIKIHRuI8xC+qYgDWW2tvXZYbqSi3Z5u1PEQ+4JlUZO09kwGjAKCgiA3JQCEL/clAISIgogr3Z7tfLq6a5kZQ8a9Qbtke9192uT6HXwYKAkPVxctjEaMAoKCIDdlAIQ/92UAhIiCiDTfLeuccfyHkaBZPfhg0YIeGWkxIlxbhx+KJKVk32ziRowCgoIgN6UAhD/35QCEiIKIBwEw0motZtNt6XFN5D+Wo/AS8AyDGy/P7q6PRKDFN9nGjAKCgiA2JQCEP/blAISIgogZGeJNzqwbEZNyTcEAcvj8IX9V4312sDkRQSTH7gb4UQaMAoKCIDQlAIQ/9eUAhIiCiB7z29AbdZm7GATv9O5bSEzi2U9bFi2k/1M4++dXgUukRowCgoIgMCUAhD/z5QCEiIKINhEIC4bPsgEsHgEoDTPOTW74pCUcyhViMjf9WxgJRfZGjAKCgiA4JQCEP//lAISIgog1Vg9A8Jl9DnGv+GpDvCXnoprYr0IDEq3uJo0i4SKB74aMAoKCICAlAIQ/7+UAhIiCiAihgBa4TL2CNLc9dXDJ+wudr6mOE2JIr+OGiDyx7WGLxowCgoIgICVAhD//5UCEiIKIMRnrZbAi8durDbxeIlRXZAVA3KcqZajWoDybZXAX+SxGjAKCgiAgJYCEP//lwISIgogCGY3hKTok+6SQSagIjGAljuexVMH2dIpfs7zf0jJ2MwaMAoKCICAkAIQ//+TAhIiCiD3pwUiZ1G3bbQXsuFQEITMDEpjq/epchKMMpZE84RpZxowCgoIgICYAhD//58CEiIKIL2ZuHwyEjygKYxa23PalV8u6TuKScv0xkTErHvb4V6/GjAKCgiAgIACEP//jwISIgogOuWOifZLxZdnHM9cJRNxt7klsgf5RS8kBk/aVbnol8YaMAoKCICAoAIQ//+/AhIiCiBiyOUxbUKOdinjnsdLiIQLf9IcsdSXiWBNOfz7F0Ej3howCgoIgIDAAhD///8CEiIKIGdQOJFwmHWMImpOZfLnCXJt4Z4X1nEDXuaQFZQZimirGjAKCgiAgIADEP///wMSIgogny4V0Z3jAicBsS9t9rXHTmeYRKNqvwqT0vBR5o5jLW8aKwoFEP///wESIgog5ShKUJJkphosZeKgYNWqZ0XGnItivJ8FzYeNyfWka4k=
txOut serializedData base64:
EiIKILiN3BlMjHEfOKOpXuEzhl0EABtluXsJohrXUt2SEWNbGiIKIFoz4NgRSARw7LYIEo3MUYIn4LWjrtaLzFedc8gGzKVLIlYKVJuduk/rOC2UW3mha2lABGb+aWBsB+3sFPhYHhS8c/xD9XOUrFm8EtEXmej389ZCiliRtbBCCN2Td8JAjMGNPxJ1DmwXFjSb+Keovov5gUkWwbMBACpECkINy6cvb6/bjw+rJDtEbwBAo40n6UDjAoiQ64ilyc4wpEMeXzftR0weWUmCHXFB4+6W/R2wc5nswK1Z+LPlwrFNBPUyNwoiCiBCsIdsaNtM+gW4eedzCzXZUZa+qluXIvvGdXil33G0CBFa9umGS4rr9hoIEC9Fg2/A4JE=

membershipProof base64:
CJTdlAIQio3JAxowCgoIlN2UAhCU3ZQCEiIKIG7g61YiysaTfeuTRReMfP/AAue7+NOee1ywjP6KwH/GGjAKCgiV3ZQCEJXdlAISIgog7M4kvFAF9RqOsNQ7gH0cFdlkWR0u13WR2t+GGRprhIYaMAoKCJbdlAIQl92UAhIiCiAYYMCCvyQZdI2ApjpGUThaVuuHvtm7P9ErdOKQEfC68BowCgoIkN2UAhCT3ZQCEiIKIC9AeEEReXg44I2do2rQpvm5L/B/PCY0fQydN3IptInoGjAKCgiY3ZQCEJ/dlAISIgogSfoptOxb1J3TdKqNiF8M5bJSE4ilbKTtsvT00NuupeMaMAoKCIDdlAIQj92UAhIiCiAiips/UPOfwvvu9EV5mFWZlIyoQvAlvIMgGLqic4sRQRowCgoIoN2UAhC/3ZQCEiIKIK4PwbvI3U+ej/ouOmAbU2hnj+vwz/bCKBR1/nhkBTfQGjAKCgjA3ZQCEP/dlAISIgoggTxwcviL7TSMDl5EJPMstA3s/C+m4zKulfoCZStp7vkaMAoKCIDclAIQ/9yUAhIiCiD3hi+Xbp3EOjMZvHFjeHojWznTF6UzkDYCNo5m4cAyphowCgoIgN6UAhD/35QCEiIKIBwEw0motZtNt6XFN5D+Wo/AS8AyDGy/P7q6PRKDFN9nGjAKCgiA2JQCEP/blAISIgogZGeJNzqwbEZNyTcEAcvj8IX9V4312sDkRQSTH7gb4UQaMAoKCIDQlAIQ/9eUAhIiCiB7z29AbdZm7GATv9O5bSEzi2U9bFi2k/1M4++dXgUukRowCgoIgMCUAhD/z5QCEiIKINhEIC4bPsgEsHgEoDTPOTW74pCUcyhViMjf9WxgJRfZGjAKCgiA4JQCEP//lAISIgog1Vg9A8Jl9DnGv+GpDvCXnoprYr0IDEq3uJo0i4SKB74aMAoKCICAlAIQ/7+UAhIiCiAihgBa4TL2CNLc9dXDJ+wudr6mOE2JIr+OGiDyx7WGLxowCgoIgICVAhD//5UCEiIKIMRnrZbAi8durDbxeIlRXZAVA3KcqZajWoDybZXAX+SxGjAKCgiAgJYCEP//lwISIgogCGY3hKTok+6SQSagIjGAljuexVMH2dIpfs7zf0jJ2MwaMAoKCICAkAIQ//+TAhIiCiD3pwUiZ1G3bbQXsuFQEITMDEpjq/epchKMMpZE84RpZxowCgoIgICYAhD//58CEiIKIL2ZuHwyEjygKYxa23PalV8u6TuKScv0xkTErHvb4V6/GjAKCgiAgIACEP//jwISIgogOuWOifZLxZdnHM9cJRNxt7klsgf5RS8kBk/aVbnol8YaMAoKCICAoAIQ//+/AhIiCiBiyOUxbUKOdinjnsdLiIQLf9IcsdSXiWBNOfz7F0Ej3howCgoIgIDAAhD///8CEiIKIGdQOJFwmHWMImpOZfLnCXJt4Z4X1nEDXuaQFZQZimirGjAKCgiAgIADEP///wMSIgogny4V0Z3jAicBsS9t9rXHTmeYRKNqvwqT0vBR5o5jLW8aKwoFEP///wESIgog5ShKUJJkphosZeKgYNWqZ0XGnItivJ8FzYeNyfWka4k=
txOut serializedData base64:
EiIKIBT+momwaEQ9XSvuQUdgiwY6iLG6PdVE+MkD6YYy5sgnGiIKIH7NBbPuMKxTs/5fTT9IlrcGKfH0Dcq30gTHcPDlQJIVIlYKVM8JTo4icwWRGPeOe9gIDF+hH7T1NkDKTfApXKuE9eDR5AeW3Q8iL/S/r9iUlIOxKu2/WY7E9Kd6xt23g5kRgkPceDWra+hApKITD1xedV7NBa0BACpECkJf+WyRxYF9TUG2XGR2q4QEknFYkuBTsbDf0W1JV4TY5Orara7iLU3EedIJXVgut7JRPClS+cXDVEVbnj4jHoo8DlYyNwoiCiCOH5RE2hah4HasnlmDCKAIWBzEqiYf8KcXZxu3GRoLWhF7iFxL3h3EGBoIumvhtkhcQZg=

membershipProof base64:
CLDclAIQio3JAxowCgoIsNyUAhCw3JQCEiIKIPF2OIRQFrPueuYddLsewoE5y3ihwnc5IATmd1vGj4GMGjAKCgix3JQCELHclAISIgogsw1hyOKDLAoiTMaPxtr/etgBHoXUE5XGQLHlg4Im0m4aMAoKCLLclAIQs9yUAhIiCiBnJyjxjlk+EJOlTGGPDfC0V2Oukg89uGI50G4ailFtoBowCgoItNyUAhC33JQCEiIKIPx2bxDpXNiQnCk7aRABjErAoYxBk7ll3e+4r5kX7k7NGjAKCgi43JQCEL/clAISIgogt9pR7XguK2AmkuH8dfAahHvZwC1FOpAAQq8m/ymIIbwaMAoKCKDclAIQr9yUAhIiCiAV8/6bGofq3Z0OpMTnOBkWGqsPa4PRKA0Oxg6Ys+TGahowCgoIgNyUAhCf3JQCEiIKIJL38h3bULz8rl8WtOWcoNCAEJI6QdXiaegG+7btiybgGjAKCgjA3JQCEP/clAISIgogid4dV7iW9EuJlxGSuXTnagmXXpoH7ACvXRCADeSAp74aMAoKCIDdlAIQ/92UAhIiCiDTfLeuccfyHkaBZPfhg0YIeGWkxIlxbhx+KJKVk32ziRowCgoIgN6UAhD/35QCEiIKIBwEw0motZtNt6XFN5D+Wo/AS8AyDGy/P7q6PRKDFN9nGjAKCgiA2JQCEP/blAISIgogZGeJNzqwbEZNyTcEAcvj8IX9V4312sDkRQSTH7gb4UQaMAoKCIDQlAIQ/9eUAhIiCiB7z29AbdZm7GATv9O5bSEzi2U9bFi2k/1M4++dXgUukRowCgoIgMCUAhD/z5QCEiIKINhEIC4bPsgEsHgEoDTPOTW74pCUcyhViMjf9WxgJRfZGjAKCgiA4JQCEP//lAISIgog1Vg9A8Jl9DnGv+GpDvCXnoprYr0IDEq3uJo0i4SKB74aMAoKCICAlAIQ/7+UAhIiCiAihgBa4TL2CNLc9dXDJ+wudr6mOE2JIr+OGiDyx7WGLxowCgoIgICVAhD//5UCEiIKIMRnrZbAi8durDbxeIlRXZAVA3KcqZajWoDybZXAX+SxGjAKCgiAgJYCEP//lwISIgogCGY3hKTok+6SQSagIjGAljuexVMH2dIpfs7zf0jJ2MwaMAoKCICAkAIQ//+TAhIiCiD3pwUiZ1G3bbQXsuFQEITMDEpjq/epchKMMpZE84RpZxowCgoIgICYAhD//58CEiIKIL2ZuHwyEjygKYxa23PalV8u6TuKScv0xkTErHvb4V6/GjAKCgiAgIACEP//jwISIgogOuWOifZLxZdnHM9cJRNxt7klsgf5RS8kBk/aVbnol8YaMAoKCICAoAIQ//+/AhIiCiBiyOUxbUKOdinjnsdLiIQLf9IcsdSXiWBNOfz7F0Ej3howCgoIgIDAAhD///8CEiIKIGdQOJFwmHWMImpOZfLnCXJt4Z4X1nEDXuaQFZQZimirGjAKCgiAgIADEP///wMSIgogny4V0Z3jAicBsS9t9rXHTmeYRKNqvwqT0vBR5o5jLW8aKwoFEP///wESIgog5ShKUJJkphosZeKgYNWqZ0XGnItivJ8FzYeNyfWka4k=
txOut serializedData base64:
EiIKIFqhQSbZO2BiWRSs5wo1ecCavE6w/rPtMa8Mp2ytddI+GiIKIKbU2wSj6Crv9AbFRru6QIIWQ/bh9GqY+miJminMw0BwIlYKVO8MMEW8X2+tSzxOOD56AQu+TRVvfAI9AkhTjvp42+A4UQaWuYDsaVyI1zUXgZRZMQEQtSkDN76APThKTrWYgByNNvMlqNl4+N/4IW83Ngg9ZT4BACpECkL+W/TutyezX5kj+saOJFkYhcl14g1S7rCDMKW7qV7rtrSRnbPeK9wHxzI24LZ5srngA1CGpEDUUK4HNtUcHdiJIgcyNwoiCiCaAG30RYHpbKAF7nsTCt2IvK12+3sV71/V23r3D+2zXhEKzNiSdInDNxoIcgvMVDL2jA4=

membershipProof base64:
CK/dlAIQio3JAxowCgoIr92UAhCv3ZQCEiIKIMsD1bQGslC2/kA/EVd/isFBX7MeU+nHVpy0/LMO5L67GjAKCgiu3ZQCEK7dlAISIgogkVWgn2qzWpMiE4tTjk+A1S68CH354VYaI46FhBDGsZMaMAoKCKzdlAIQrd2UAhIiCiD9NzVEwsS+0mOlHhZH0ZnSOqe4LQxbSZ5rxu3W6Aq6URowCgoIqN2UAhCr3ZQCEiIKIPNdZl6QU2jMkSWkyhhXHoKWCk//TqmNC1lALiAE7RbzGjAKCgig3ZQCEKfdlAISIgogwDt1jrEfGV0+WM160VzXkw8DaAhfo75yzvF3Nzl43P4aMAoKCLDdlAIQv92UAhIiCiBbyjsB1YrqaxzP47F4mQP2X40T/fcIsFgU+COfQIaa9xowCgoIgN2UAhCf3ZQCEiIKIDGc83EOoCbkDpZdqP7Gc9M2hKR04PZGH+l+/8Xl6DkQGjAKCgjA3ZQCEP/dlAISIgoggTxwcviL7TSMDl5EJPMstA3s/C+m4zKulfoCZStp7vkaMAoKCIDclAIQ/9yUAhIiCiD3hi+Xbp3EOjMZvHFjeHojWznTF6UzkDYCNo5m4cAyphowCgoIgN6UAhD/35QCEiIKIBwEw0motZtNt6XFN5D+Wo/AS8AyDGy/P7q6PRKDFN9nGjAKCgiA2JQCEP/blAISIgogZGeJNzqwbEZNyTcEAcvj8IX9V4312sDkRQSTH7gb4UQaMAoKCIDQlAIQ/9eUAhIiCiB7z29AbdZm7GATv9O5bSEzi2U9bFi2k/1M4++dXgUukRowCgoIgMCUAhD/z5QCEiIKINhEIC4bPsgEsHgEoDTPOTW74pCUcyhViMjf9WxgJRfZGjAKCgiA4JQCEP//lAISIgog1Vg9A8Jl9DnGv+GpDvCXnoprYr0IDEq3uJo0i4SKB74aMAoKCICAlAIQ/7+UAhIiCiAihgBa4TL2CNLc9dXDJ+wudr6mOE2JIr+OGiDyx7WGLxowCgoIgICVAhD//5UCEiIKIMRnrZbAi8durDbxeIlRXZAVA3KcqZajWoDybZXAX+SxGjAKCgiAgJYCEP//lwISIgogCGY3hKTok+6SQSagIjGAljuexVMH2dIpfs7zf0jJ2MwaMAoKCICAkAIQ//+TAhIiCiD3pwUiZ1G3bbQXsuFQEITMDEpjq/epchKMMpZE84RpZxowCgoIgICYAhD//58CEiIKIL2ZuHwyEjygKYxa23PalV8u6TuKScv0xkTErHvb4V6/GjAKCgiAgIACEP//jwISIgogOuWOifZLxZdnHM9cJRNxt7klsgf5RS8kBk/aVbnol8YaMAoKCICAoAIQ//+/AhIiCiBiyOUxbUKOdinjnsdLiIQLf9IcsdSXiWBNOfz7F0Ej3howCgoIgIDAAhD///8CEiIKIGdQOJFwmHWMImpOZfLnCXJt4Z4X1nEDXuaQFZQZimirGjAKCgiAgIADEP///wMSIgogny4V0Z3jAicBsS9t9rXHTmeYRKNqvwqT0vBR5o5jLW8aKwoFEP///wESIgog5ShKUJJkphosZeKgYNWqZ0XGnItivJ8FzYeNyfWka4k=
txOut serializedData base64:
EiIKIHiHJG7dyP5uetJFt6LqnWEavoqAmkgyneZybl93ob9iGiIKIKxxfHexIZdh4dbTNp+dlmoHM7T+AXFLTfdY4WJL6MIBIlYKVGaSXGQvfRlWUKUZLI99NI4hJN8h3mk6ASLgJ1G6W7Co0PpeDf7M1kiou0XKryfboZpfr/h94+vgyKVLCp60+yLNdl6CtdFFroEvxjZLVdanRBwBACpECkLDIFGbTwwrqJ6qBwEd8ctKGHoGFBte6ihhyuuR0FGB8yp4csRZSsYjWtFKUPbk5SHTwY41oq1EYuKo/I5pxYyx6fEyNwoiCiB4aEtcIwKZ5NrY+lH243FYwHxb3alH8q73tUTeykhefRFOZGlkWMNsjBoIrsTwHgGgWyM=

membershipProof base64:
CIzdlAIQio3JAxowCgoIjN2UAhCM3ZQCEiIKIHxoyrkUw3UMX1wzYyryJL5m9kDYMAoccsqOylDsmrZSGjAKCgiN3ZQCEI3dlAISIgogjHBlg+4H6tIYcYOxbciNbSakr3OqyTpQm09MKx44KOsaMAoKCI7dlAIQj92UAhIiCiDkG2BnTdmTIVTpxJdRSBMTr2gdfEQHMIzaElyNjO+oshowCgoIiN2UAhCL3ZQCEiIKIMDSxWQC6HO4ccH1Jm7oMASUu4dGKq+JVbkkX30YTLx3GjAKCgiA3ZQCEIfdlAISIgogDkRZ856OtA3uqhbtb1oZB2ezrXflgcru2wGlu9IyGUEaMAoKCJDdlAIQn92UAhIiCiAWAWnMA/T8f7LGzR7nPbO5tGDsQzvNsU6H3nhqMsEafRowCgoIoN2UAhC/3ZQCEiIKIK4PwbvI3U+ej/ouOmAbU2hnj+vwz/bCKBR1/nhkBTfQGjAKCgjA3ZQCEP/dlAISIgoggTxwcviL7TSMDl5EJPMstA3s/C+m4zKulfoCZStp7vkaMAoKCIDclAIQ/9yUAhIiCiD3hi+Xbp3EOjMZvHFjeHojWznTF6UzkDYCNo5m4cAyphowCgoIgN6UAhD/35QCEiIKIBwEw0motZtNt6XFN5D+Wo/AS8AyDGy/P7q6PRKDFN9nGjAKCgiA2JQCEP/blAISIgogZGeJNzqwbEZNyTcEAcvj8IX9V4312sDkRQSTH7gb4UQaMAoKCIDQlAIQ/9eUAhIiCiB7z29AbdZm7GATv9O5bSEzi2U9bFi2k/1M4++dXgUukRowCgoIgMCUAhD/z5QCEiIKINhEIC4bPsgEsHgEoDTPOTW74pCUcyhViMjf9WxgJRfZGjAKCgiA4JQCEP//lAISIgog1Vg9A8Jl9DnGv+GpDvCXnoprYr0IDEq3uJo0i4SKB74aMAoKCICAlAIQ/7+UAhIiCiAihgBa4TL2CNLc9dXDJ+wudr6mOE2JIr+OGiDyx7WGLxowCgoIgICVAhD//5UCEiIKIMRnrZbAi8durDbxeIlRXZAVA3KcqZajWoDybZXAX+SxGjAKCgiAgJYCEP//lwISIgogCGY3hKTok+6SQSagIjGAljuexVMH2dIpfs7zf0jJ2MwaMAoKCICAkAIQ//+TAhIiCiD3pwUiZ1G3bbQXsuFQEITMDEpjq/epchKMMpZE84RpZxowCgoIgICYAhD//58CEiIKIL2ZuHwyEjygKYxa23PalV8u6TuKScv0xkTErHvb4V6/GjAKCgiAgIACEP//jwISIgogOuWOifZLxZdnHM9cJRNxt7klsgf5RS8kBk/aVbnol8YaMAoKCICAoAIQ//+/AhIiCiBiyOUxbUKOdinjnsdLiIQLf9IcsdSXiWBNOfz7F0Ej3howCgoIgIDAAhD///8CEiIKIGdQOJFwmHWMImpOZfLnCXJt4Z4X1nEDXuaQFZQZimirGjAKCgiAgIADEP///wMSIgogny4V0Z3jAicBsS9t9rXHTmeYRKNqvwqT0vBR5o5jLW8aKwoFEP///wESIgog5ShKUJJkphosZeKgYNWqZ0XGnItivJ8FzYeNyfWka4k=
txOut serializedData base64:
EiIKIOgSadJwaBXaCOI87miLGvOiVv1ch+AvcJxa4Gr7DFZJGiIKILJvWo2qtMv94QRc3rUzbzd7X3OaS5MI5Go+ylbmGzx/IlYKVDaIY8Wq3WS2pKY5afEUcfZQLu8stq5yrCrgAplF4dBu9Mp0q+j57avuWZ06y57mQWXRaWolKyLboUTHUrkz4is2DmlD8yxLk5U8/VNgX3YiCKIBACpECkJKST3ObwstAol60mqniLlI5ZKvnxr+LhmKPa1+Up+wd2Iav36ZaUf8o1ARhLKAq7KFhCJd1eR1qDlj0bB32JmLAPUyNwoiCiDuhxzAZCqM5W02oZdFayXK5tE7TLVq2i+QjnEZlZjGThFeGYsSVTAmwhoI/8GrQH+GXM4=

membershipProof base64:
CKHclAIQio3JAxowCgoIodyUAhCh3JQCEiIKIJbkqDkTWBm76dVZmfAlcmPHWK88oDrUS80ifOzm+6OJGjAKCgig3JQCEKDclAISIgogMxGR5v+0Oq6NUC4g7Ca1R4fXt4csam79BaoeHYbk62MaMAoKCKLclAIQo9yUAhIiCiCl9UMciSOWRXaBQw7jhpGufZPqDGdkUbHeCfC00JGfJhowCgoIpNyUAhCn3JQCEiIKIIPQlCd65NFQkafHqo93koJnrLS6pr54R7z67oTAEUVhGjAKCgio3JQCEK/clAISIgogcgLOlo9pM8wo7rExjomvH0gQA3mwwOb2vKfEdmHzbOQaMAoKCLDclAIQv9yUAhIiCiBTiFa2+tAcA/CiV9A/okVBwMa49sZJ//JLALhPJpGwHBowCgoIgNyUAhCf3JQCEiIKIJL38h3bULz8rl8WtOWcoNCAEJI6QdXiaegG+7btiybgGjAKCgjA3JQCEP/clAISIgogid4dV7iW9EuJlxGSuXTnagmXXpoH7ACvXRCADeSAp74aMAoKCIDdlAIQ/92UAhIiCiDTfLeuccfyHkaBZPfhg0YIeGWkxIlxbhx+KJKVk32ziRowCgoIgN6UAhD/35QCEiIKIBwEw0motZtNt6XFN5D+Wo/AS8AyDGy/P7q6PRKDFN9nGjAKCgiA2JQCEP/blAISIgogZGeJNzqwbEZNyTcEAcvj8IX9V4312sDkRQSTH7gb4UQaMAoKCIDQlAIQ/9eUAhIiCiB7z29AbdZm7GATv9O5bSEzi2U9bFi2k/1M4++dXgUukRowCgoIgMCUAhD/z5QCEiIKINhEIC4bPsgEsHgEoDTPOTW74pCUcyhViMjf9WxgJRfZGjAKCgiA4JQCEP//lAISIgog1Vg9A8Jl9DnGv+GpDvCXnoprYr0IDEq3uJo0i4SKB74aMAoKCICAlAIQ/7+UAhIiCiAihgBa4TL2CNLc9dXDJ+wudr6mOE2JIr+OGiDyx7WGLxowCgoIgICVAhD//5UCEiIKIMRnrZbAi8durDbxeIlRXZAVA3KcqZajWoDybZXAX+SxGjAKCgiAgJYCEP//lwISIgogCGY3hKTok+6SQSagIjGAljuexVMH2dIpfs7zf0jJ2MwaMAoKCICAkAIQ//+TAhIiCiD3pwUiZ1G3bbQXsuFQEITMDEpjq/epchKMMpZE84RpZxowCgoIgICYAhD//58CEiIKIL2ZuHwyEjygKYxa23PalV8u6TuKScv0xkTErHvb4V6/GjAKCgiAgIACEP//jwISIgogOuWOifZLxZdnHM9cJRNxt7klsgf5RS8kBk/aVbnol8YaMAoKCICAoAIQ//+/AhIiCiBiyOUxbUKOdinjnsdLiIQLf9IcsdSXiWBNOfz7F0Ej3howCgoIgIDAAhD///8CEiIKIGdQOJFwmHWMImpOZfLnCXJt4Z4X1nEDXuaQFZQZimirGjAKCgiAgIADEP///wMSIgogny4V0Z3jAicBsS9t9rXHTmeYRKNqvwqT0vBR5o5jLW8aKwoFEP///wESIgog5ShKUJJkphosZeKgYNWqZ0XGnItivJ8FzYeNyfWka4k=
txOut serializedData base64:
EiIKIMxGM00jZNZzFl66YO6Rmp1rX70WyedBn9+zwbUsXCZVGiIKIPQBNXJN42Z0lHoLrKxHFpyQDw6w3cJ9dxG+9YNbf6xEIlYKVAAAAAAAAAAAAAAAAAAAAAAAAAAAAAAAAAAAAAAAAAAAAAAAAAAAAAAAAAAAAAAAAAAAAAAAAAAAAAAAAAAAAAAAAAAAAAAAAAAAAAAAAAAAAAAAACpECkIbKIxINrBHFkb40FJurbWrfFtQVBRLZ2cvroAhxHWaf4OuTh/4IVch6e+nbkT4pVrRh2eodWCx4vYqyKH7BteZ1NIyNwoiCiBwCm2/q5gxNsXV+8mb3Cz5+PkMPIn+/9bN4Oqgb/4kBBEsjcKt1y+yshoIbWaFnoiecpA=

membershipProof base64:
CJLclAIQio3JAxowCgoIktyUAhCS3JQCEiIKIEJmTMmXugTj3oqfuWmYTB5V2p47Dr+SeDAx1bTvg126GjAKCgiT3JQCEJPclAISIgogtVIoW3IACrZ+/TvOV/+43aiyTxjr+QjWHiJgFXKmrV4aMAoKCJDclAIQkdyUAhIiCiCOsPqdfbur8l2BQgnw3eyqwwuLCmoKtNM81hN+Hsm0/xowCgoIlNyUAhCX3JQCEiIKIAW4z0P+PDcYEbEmciI3wLDHqslQhrB5TKFqSfymkv6PGjAKCgiY3JQCEJ/clAISIgogNhxbJrdYd24Pf3G8l0pRTx54748ZJ5CeOSh8AOTu9o0aMAoKCIDclAIQj9yUAhIiCiBFycLwJTbspsfssTivCk7kCGrA6Mr7jsWZ4u09QmS5pBowCgoIoNyUAhC/3JQCEiIKIMWOOrJ6cYMtUf7GPZFC5u0suBa8uXbzcsyI3iXGIDvXGjAKCgjA3JQCEP/clAISIgogid4dV7iW9EuJlxGSuXTnagmXXpoH7ACvXRCADeSAp74aMAoKCIDdlAIQ/92UAhIiCiDTfLeuccfyHkaBZPfhg0YIeGWkxIlxbhx+KJKVk32ziRowCgoIgN6UAhD/35QCEiIKIBwEw0motZtNt6XFN5D+Wo/AS8AyDGy/P7q6PRKDFN9nGjAKCgiA2JQCEP/blAISIgogZGeJNzqwbEZNyTcEAcvj8IX9V4312sDkRQSTH7gb4UQaMAoKCIDQlAIQ/9eUAhIiCiB7z29AbdZm7GATv9O5bSEzi2U9bFi2k/1M4++dXgUukRowCgoIgMCUAhD/z5QCEiIKINhEIC4bPsgEsHgEoDTPOTW74pCUcyhViMjf9WxgJRfZGjAKCgiA4JQCEP//lAISIgog1Vg9A8Jl9DnGv+GpDvCXnoprYr0IDEq3uJo0i4SKB74aMAoKCICAlAIQ/7+UAhIiCiAihgBa4TL2CNLc9dXDJ+wudr6mOE2JIr+OGiDyx7WGLxowCgoIgICVAhD//5UCEiIKIMRnrZbAi8durDbxeIlRXZAVA3KcqZajWoDybZXAX+SxGjAKCgiAgJYCEP//lwISIgogCGY3hKTok+6SQSagIjGAljuexVMH2dIpfs7zf0jJ2MwaMAoKCICAkAIQ//+TAhIiCiD3pwUiZ1G3bbQXsuFQEITMDEpjq/epchKMMpZE84RpZxowCgoIgICYAhD//58CEiIKIL2ZuHwyEjygKYxa23PalV8u6TuKScv0xkTErHvb4V6/GjAKCgiAgIACEP//jwISIgogOuWOifZLxZdnHM9cJRNxt7klsgf5RS8kBk/aVbnol8YaMAoKCICAoAIQ//+/AhIiCiBiyOUxbUKOdinjnsdLiIQLf9IcsdSXiWBNOfz7F0Ej3howCgoIgIDAAhD///8CEiIKIGdQOJFwmHWMImpOZfLnCXJt4Z4X1nEDXuaQFZQZimirGjAKCgiAgIADEP///wMSIgogny4V0Z3jAicBsS9t9rXHTmeYRKNqvwqT0vBR5o5jLW8aKwoFEP///wESIgog5ShKUJJkphosZeKgYNWqZ0XGnItivJ8FzYeNyfWka4k=
txOut serializedData base64:
EiIKIHiqz47gECU9qI8kp/WKfkT/SWhYYSsnHQ9YVVXe/r0lGiIKIPSmqrtUARf7xN2ORwzU12dV4OOnvD2dJIyU8RQi2r4vIlYKVAAAAAAAAAAAAAAAAAAAAAAAAAAAAAAAAAAAAAAAAAAAAAAAAAAAAAAAAAAAAAAAAAAAAAAAAAAAAAAAAAAAAAAAAAAAAAAAAAAAAAAAAAAAAAAAACpECkLNOu3/6RAOKVFoRj+V139kg9IxSDZjBSKxtfXnwBeprKD26iKCvVLi4EjKJKnxTiu2I6pmhycMP4tn8x1es4yOFFkyNwoiCiCisc30EWYfh8iXJlrwWIIeHR2IYZ6pgOD/BqKIepXgTRE7/esjBdKalhoIg5GAAB+7eTA=

membershipProof base64:
CKfdlAIQio3JAxowCgoIp92UAhCn3ZQCEiIKIJ08QbYXc36JAey3TVsJMrU5wxFsYGGznRT6X4e3pUPLGjAKCgim3ZQCEKbdlAISIgogGlTOSmdVOnD0l2Y1yZWSCE8fbisXX0CRQ5dh8ikaQSoaMAoKCKTdlAIQpd2UAhIiCiCuO0ctDMLBHopyL3o3hMusPjktapZk1zV9OqE/idJGIRowCgoIoN2UAhCj3ZQCEiIKID2wLKcnKirh20Th2+j/oLNgD6oVv+ziqaqKb+qjXNbcGjAKCgio3ZQCEK/dlAISIgogpncMnZCW+CwxdbFeHffdxqRQEPfWX8o2lBbhAKLH8ncaMAoKCLDdlAIQv92UAhIiCiBbyjsB1YrqaxzP47F4mQP2X40T/fcIsFgU+COfQIaa9xowCgoIgN2UAhCf3ZQCEiIKIDGc83EOoCbkDpZdqP7Gc9M2hKR04PZGH+l+/8Xl6DkQGjAKCgjA3ZQCEP/dlAISIgoggTxwcviL7TSMDl5EJPMstA3s/C+m4zKulfoCZStp7vkaMAoKCIDclAIQ/9yUAhIiCiD3hi+Xbp3EOjMZvHFjeHojWznTF6UzkDYCNo5m4cAyphowCgoIgN6UAhD/35QCEiIKIBwEw0motZtNt6XFN5D+Wo/AS8AyDGy/P7q6PRKDFN9nGjAKCgiA2JQCEP/blAISIgogZGeJNzqwbEZNyTcEAcvj8IX9V4312sDkRQSTH7gb4UQaMAoKCIDQlAIQ/9eUAhIiCiB7z29AbdZm7GATv9O5bSEzi2U9bFi2k/1M4++dXgUukRowCgoIgMCUAhD/z5QCEiIKINhEIC4bPsgEsHgEoDTPOTW74pCUcyhViMjf9WxgJRfZGjAKCgiA4JQCEP//lAISIgog1Vg9A8Jl9DnGv+GpDvCXnoprYr0IDEq3uJo0i4SKB74aMAoKCICAlAIQ/7+UAhIiCiAihgBa4TL2CNLc9dXDJ+wudr6mOE2JIr+OGiDyx7WGLxowCgoIgICVAhD//5UCEiIKIMRnrZbAi8durDbxeIlRXZAVA3KcqZajWoDybZXAX+SxGjAKCgiAgJYCEP//lwISIgogCGY3hKTok+6SQSagIjGAljuexVMH2dIpfs7zf0jJ2MwaMAoKCICAkAIQ//+TAhIiCiD3pwUiZ1G3bbQXsuFQEITMDEpjq/epchKMMpZE84RpZxowCgoIgICYAhD//58CEiIKIL2ZuHwyEjygKYxa23PalV8u6TuKScv0xkTErHvb4V6/GjAKCgiAgIACEP//jwISIgogOuWOifZLxZdnHM9cJRNxt7klsgf5RS8kBk/aVbnol8YaMAoKCICAoAIQ//+/AhIiCiBiyOUxbUKOdinjnsdLiIQLf9IcsdSXiWBNOfz7F0Ej3howCgoIgIDAAhD///8CEiIKIGdQOJFwmHWMImpOZfLnCXJt4Z4X1nEDXuaQFZQZimirGjAKCgiAgIADEP///wMSIgogny4V0Z3jAicBsS9t9rXHTmeYRKNqvwqT0vBR5o5jLW8aKwoFEP///wESIgog5ShKUJJkphosZeKgYNWqZ0XGnItivJ8FzYeNyfWka4k=
2024-01-11T16:54:19-0800 debug com.mobilecoin : TransactionBuilder.swift:187:build(context:inputs:possibleTransaction:presignedInput:) - PreparedTxInput:

knownTxOut:
KnownTxOut:

ledgerTxOut: LedgerTxOut
LedgetTxOut:

txOut: PartialTxOut:
PartialTxOut

encryptedMemo: Data66 base 64 /hpC0EFCnzx2WLLSORctFy/a15YkNAZv04NFU9EJZuhdJI+CtfZDcAEz+6tPtpb45THnT1rydm48sjsdmhd1Q2xQ
maskedAmount: MaskedAmount:
MaskedAmount:

maskedValue: UInt64 11011028853111894764
maskedTokenId: Data base64 8E2s/zEhK4w=
commitment: Data32 base64 AAAAAAAAAAAAAAAAAAAAAAAAAAAAAAAAAAAAAAAAAAA=
version: Version Version 2

targetKey: RistrettoPublic base64 ND4wz0VuSGPWjYUWxhsdy11IaZJIiangAOaIGH/em00=
publicKey: RistrettoPublic base64 mjCqnh4DbYPVLkWqEAyVHH16WHpK1E8tTyxEPyDe728=
commitment: Data32 base64 { AAAAAAAAAAAAAAAAAAAAAAAAAAAAAAAAAAAAAAAAAAA= }

globalIndex: UInt64 4533909
block: BlockMetadata
BlockMetadata:

index 1493080
timestamp unix Optional(1677540712.0)


accountKey serializedData base64:
CiIKIMM0eFjAenKpb/qWCpMpLBobETadGuaJCNy45N0Ej7sPEiIKIEU+8R66uCyb7xsVbX9qAPUa6cTxIpeQNIEQFoPbWFUKGh1mb2c6Ly9mb2cudGVzdC5tb2JpbGVjb2luLmNvbSqmBDCCAiIwDQYJKoZIhvcNAQEBBQADggIPADCCAgoCggIBAL5wfcE20zk+bqIs0WGmG8O1yBJCJ5fBOzBjgEI/sZwvhdayF4gp3P7dfuSCFo20RoVs6O0QMCObEWo59rE+K0Z/TV2zs2TLyKhOIZoZhM8tWEDQ53wCwFjUPlgW2BlvlaptyJULwBRY1TdWGCHWIWy4wD3ZIHlbFn3Cw36Kx5+q0d0AWWGSJUgUEikTGP7csE8Xkwryts1nEtJG2xT7QXFbYe1RRVTwGV4T4vcstQL55XTup+yi4rqVZqI5RDLb+BUJJOtOJ2pfo/3TqZUwE1fGvQCQWz0QWf8kIOexBtmNjEYhzkInycdEuVWzcjJvW5EvEw+xqIufWglujk9YMnqLVsC4OtCUWU38ie5WFgUjs4dDp2gsrUaUlrTWem2qz1Hjp37W5ybRPKxYRezOBeunrdCyP3Lr12HnMFcMpKLxFQSkReBzivRoEpte5kDLc6w+3OefE22rnDlmm2EdOLoXQHN7NdDJLjjVhtMCEIYCAoWFQBpxS70qadv2kBKt8a0UhE8bIsVCI7GcllkTpLgNCBZ3PHewJnJ1Ab0VuxU/+bYVspOWoHWFBmfuwtaOvYoUdWMZqBoevXyzDyBDoWIee9vt3JIJdkmleLqPRr5M/DDBkQXDCDJUYq0sIQn6M1dkck+Vp9TYD6cnPMyS+0HToS+0MW/uVo5wla0GByNnAgMBAAE=

ring:
txOut serializedData base64:
EiIKIEyIknNZxwGOaVh1psufdiFQWYDkLraYOIdkH653O7YjGiIKICgpXb6rJcz8qVyLO9M6UgHWtsW6cju0CMjEHDj7XHMfIlYKVFeCqwEocFEWh7gbDBBflySBkhxns3tWO10Yw6/P+u27Ix+CEO5mB9JTL5MmndEsaxrTLR543YQcKvQyGUwF2dVffqWNTdxgRXYJJQEdr/iobRwBACpECkIyy6pyrsmyZuQMp+YVWne16vMqZLo0aYA48raWgk3GBWD6L4iQH5VlgP6xK3hT0YeFDUTZoj8ec1AQFHEORwKdvOsyNwoiCiCC8srlRf0pikHw62V98qkTUpXHFR98vTk+ZalJhj8eahHydIdVqImFwxoIqhcxR/C2mOY=

membershipProof base64:
CMjdlAIQio3JAxowCgoIyN2UAhDI3ZQCEiIKIKEku54N2oVq6LvKFTdCqBjJu7QRnhvjM/ExInD+df9hGjAKCgjJ3ZQCEMndlAISIgogbvZ8cBrJ1mqhVxf49z5u2lH08auvmgWQI4Qg+tmByYYaMAoKCMrdlAIQy92UAhIiCiBe7wPEe7YBY99+8EyP7lAJft6nRboUAOhbIpWxg0kSahowCgoIzN2UAhDP3ZQCEiIKII/W/Fw5gHmZjGpYM5uVtWivEfWPmeUAzOtA5PGMGggtGjAKCgjA3ZQCEMfdlAISIgogfVTDgSVOixRdCu40VHRnnK113PvgB5VAJ5PNYXUw+KAaMAoKCNDdlAIQ392UAhIiCiBSfExE2qKyt6zUMfS4uFnV/t2uS6UQZ8hM2vSgq8X3NhowCgoI4N2UAhD/3ZQCEiIKILvhh4/+pNKDDoNqpNcYOMIZppCizGXRmIE/Q6q9VgXCGjAKCgiA3ZQCEL/dlAISIgoguoxg/LSs5MZlgv2ueFXeXrOZJ7HMLaKP8H/Wrf3mH7QaMAoKCIDclAIQ/9yUAhIiCiD3hi+Xbp3EOjMZvHFjeHojWznTF6UzkDYCNo5m4cAyphowCgoIgN6UAhD/35QCEiIKIBwEw0motZtNt6XFN5D+Wo/AS8AyDGy/P7q6PRKDFN9nGjAKCgiA2JQCEP/blAISIgogZGeJNzqwbEZNyTcEAcvj8IX9V4312sDkRQSTH7gb4UQaMAoKCIDQlAIQ/9eUAhIiCiB7z29AbdZm7GATv9O5bSEzi2U9bFi2k/1M4++dXgUukRowCgoIgMCUAhD/z5QCEiIKINhEIC4bPsgEsHgEoDTPOTW74pCUcyhViMjf9WxgJRfZGjAKCgiA4JQCEP//lAISIgog1Vg9A8Jl9DnGv+GpDvCXnoprYr0IDEq3uJo0i4SKB74aMAoKCICAlAIQ/7+UAhIiCiAihgBa4TL2CNLc9dXDJ+wudr6mOE2JIr+OGiDyx7WGLxowCgoIgICVAhD//5UCEiIKIMRnrZbAi8durDbxeIlRXZAVA3KcqZajWoDybZXAX+SxGjAKCgiAgJYCEP//lwISIgogCGY3hKTok+6SQSagIjGAljuexVMH2dIpfs7zf0jJ2MwaMAoKCICAkAIQ//+TAhIiCiD3pwUiZ1G3bbQXsuFQEITMDEpjq/epchKMMpZE84RpZxowCgoIgICYAhD//58CEiIKIL2ZuHwyEjygKYxa23PalV8u6TuKScv0xkTErHvb4V6/GjAKCgiAgIACEP//jwISIgogOuWOifZLxZdnHM9cJRNxt7klsgf5RS8kBk/aVbnol8YaMAoKCICAoAIQ//+/AhIiCiBiyOUxbUKOdinjnsdLiIQLf9IcsdSXiWBNOfz7F0Ej3howCgoIgIDAAhD///8CEiIKIGdQOJFwmHWMImpOZfLnCXJt4Z4X1nEDXuaQFZQZimirGjAKCgiAgIADEP///wMSIgogny4V0Z3jAicBsS9t9rXHTmeYRKNqvwqT0vBR5o5jLW8aKwoFEP///wESIgog5ShKUJJkphosZeKgYNWqZ0XGnItivJ8FzYeNyfWka4k=
txOut serializedData base64:
EiIKIEiKKT00uMTsLgNVh95CPIIDt1wuYCWvsCK38/jRkBEpGiIKICy/yWpPsowFcx5n7cooZiQZbc13he6X1KJzqUU35kJmIlYKVANnfqCexIQTa1K6DUdw/u9RujDrfUjuPLku1/AMkAKsOnUukpZfYepsJIqKd8nNBPe/+sa5CTe95xzNt9NHK1WnQuvPy8fYcPfJTACAXigX0fIBACpECkJts2Ay80YPWs08HFe9amYRGq6tRaP8u0KgCBAQ1lgSdmlgJcHuyMeR5wBNudy+j8Bj8L79xKqLwGJMLDoPkFp4VqoyNwoiCiA2IbB25Xbg+hS7VygmD92X6LVTgezZx9v0OWGJZMyZfBF+WRVxa4huIxoIU5Euv2EXYyc=

membershipProof base64:
CLfclAIQio3JAxowCgoIt9yUAhC33JQCEiIKIM7QzhtJI7SQh511lcxwhRXxzpVSzGRu/6WWKGun0QivGjAKCgi23JQCELbclAISIgog3DAlafi7y3dSq7AST3OExFF8WwMuw8NopCc0MA7J7PYaMAoKCLTclAIQtdyUAhIiCiAyNP8t1bA0TkkWkUhHZMw/gGht2TBukWA1/WCfeII1JRowCgoIsNyUAhCz3JQCEiIKIFK2BwFu3u6zJd6S6fH5XZ+1H+CQIqYB9OEgSAGw2NqNGjAKCgi43JQCEL/clAISIgogt9pR7XguK2AmkuH8dfAahHvZwC1FOpAAQq8m/ymIIbwaMAoKCKDclAIQr9yUAhIiCiAV8/6bGofq3Z0OpMTnOBkWGqsPa4PRKA0Oxg6Ys+TGahowCgoIgNyUAhCf3JQCEiIKIJL38h3bULz8rl8WtOWcoNCAEJI6QdXiaegG+7btiybgGjAKCgjA3JQCEP/clAISIgogid4dV7iW9EuJlxGSuXTnagmXXpoH7ACvXRCADeSAp74aMAoKCIDdlAIQ/92UAhIiCiDTfLeuccfyHkaBZPfhg0YIeGWkxIlxbhx+KJKVk32ziRowCgoIgN6UAhD/35QCEiIKIBwEw0motZtNt6XFN5D+Wo/AS8AyDGy/P7q6PRKDFN9nGjAKCgiA2JQCEP/blAISIgogZGeJNzqwbEZNyTcEAcvj8IX9V4312sDkRQSTH7gb4UQaMAoKCIDQlAIQ/9eUAhIiCiB7z29AbdZm7GATv9O5bSEzi2U9bFi2k/1M4++dXgUukRowCgoIgMCUAhD/z5QCEiIKINhEIC4bPsgEsHgEoDTPOTW74pCUcyhViMjf9WxgJRfZGjAKCgiA4JQCEP//lAISIgog1Vg9A8Jl9DnGv+GpDvCXnoprYr0IDEq3uJo0i4SKB74aMAoKCICAlAIQ/7+UAhIiCiAihgBa4TL2CNLc9dXDJ+wudr6mOE2JIr+OGiDyx7WGLxowCgoIgICVAhD//5UCEiIKIMRnrZbAi8durDbxeIlRXZAVA3KcqZajWoDybZXAX+SxGjAKCgiAgJYCEP//lwISIgogCGY3hKTok+6SQSagIjGAljuexVMH2dIpfs7zf0jJ2MwaMAoKCICAkAIQ//+TAhIiCiD3pwUiZ1G3bbQXsuFQEITMDEpjq/epchKMMpZE84RpZxowCgoIgICYAhD//58CEiIKIL2ZuHwyEjygKYxa23PalV8u6TuKScv0xkTErHvb4V6/GjAKCgiAgIACEP//jwISIgogOuWOifZLxZdnHM9cJRNxt7klsgf5RS8kBk/aVbnol8YaMAoKCICAoAIQ//+/AhIiCiBiyOUxbUKOdinjnsdLiIQLf9IcsdSXiWBNOfz7F0Ej3howCgoIgIDAAhD///8CEiIKIGdQOJFwmHWMImpOZfLnCXJt4Z4X1nEDXuaQFZQZimirGjAKCgiAgIADEP///wMSIgogny4V0Z3jAicBsS9t9rXHTmeYRKNqvwqT0vBR5o5jLW8aKwoFEP///wESIgog5ShKUJJkphosZeKgYNWqZ0XGnItivJ8FzYeNyfWka4k=
txOut serializedData base64:
EiIKIPDvVa4wWswtFMmLDGPLHhFQJc3R7VgFesfGoyMjtJFCGiIKIDYceiUJwtiq/eiwN8JlE/smBh8JeuRtFL7IypQlLgUyIlYKVN3uHoGRc9+GatUQ90oME3aI5h7+QeGZ5gUuRVcTQ9bGxs04Z+8ISVuDiYE64pKNHp0VnKlGfmTNcbTkvriYfh6xDbETOWjng2Z9gby3MXk9gLABACpECkJsrjGcmBvl5ZEF1uIhigmsxqvyuf13sV2GCNY06Qih6y2aSR0lOUalXdSbBgvR/9wD/nFqG8j1eKMwHUKOA5xEi1kyNwoiCiAYYXJoVkSS4xMTsTuWgmvcwL/dZ9drrraiWZLj1yytZxEBtuZpWhIvjBoIoa2o8xr8tIo=

membershipProof base64:
CNnclAIQio3JAxowCgoI2dyUAhDZ3JQCEiIKICS1/XrwOSSkO1Ve+W7rViH3lKg89gZ1qOOL6DBA6XcdGjAKCgjY3JQCENjclAISIgogmjB6uH5WK4Bz2yBG9MhZ7GG3gIIjNr5ZvCVfEnUMkp0aMAoKCNrclAIQ29yUAhIiCiD0gf2Oxh1zXZKlfh5Ceil55+EV2mWz07GJ87xXBQlwlBowCgoI3NyUAhDf3JQCEiIKINyrPohG1AiG0uo9lRbLmAIYKZNr7gEu7b1c7ZFdQktEGjAKCgjQ3JQCENfclAISIgogIFzF1YJuTVCyba8aBv/9wm9APxs7qOOr6kJV8SyjX6kaMAoKCMDclAIQz9yUAhIiCiCTjavBee+eRRfeTRUZmnO8iPLPAViSbeqhUJsAR+GEIxowCgoI4NyUAhD/3JQCEiIKIDXYv597nUABiIoj10DFLze7C7L4GA9DdMm8h0EIyvwrGjAKCgiA3JQCEL/clAISIgogr3Z7tfLq6a5kZQ8a9Qbtke9192uT6HXwYKAkPVxctjEaMAoKCIDdlAIQ/92UAhIiCiDTfLeuccfyHkaBZPfhg0YIeGWkxIlxbhx+KJKVk32ziRowCgoIgN6UAhD/35QCEiIKIBwEw0motZtNt6XFN5D+Wo/AS8AyDGy/P7q6PRKDFN9nGjAKCgiA2JQCEP/blAISIgogZGeJNzqwbEZNyTcEAcvj8IX9V4312sDkRQSTH7gb4UQaMAoKCIDQlAIQ/9eUAhIiCiB7z29AbdZm7GATv9O5bSEzi2U9bFi2k/1M4++dXgUukRowCgoIgMCUAhD/z5QCEiIKINhEIC4bPsgEsHgEoDTPOTW74pCUcyhViMjf9WxgJRfZGjAKCgiA4JQCEP//lAISIgog1Vg9A8Jl9DnGv+GpDvCXnoprYr0IDEq3uJo0i4SKB74aMAoKCICAlAIQ/7+UAhIiCiAihgBa4TL2CNLc9dXDJ+wudr6mOE2JIr+OGiDyx7WGLxowCgoIgICVAhD//5UCEiIKIMRnrZbAi8durDbxeIlRXZAVA3KcqZajWoDybZXAX+SxGjAKCgiAgJYCEP//lwISIgogCGY3hKTok+6SQSagIjGAljuexVMH2dIpfs7zf0jJ2MwaMAoKCICAkAIQ//+TAhIiCiD3pwUiZ1G3bbQXsuFQEITMDEpjq/epchKMMpZE84RpZxowCgoIgICYAhD//58CEiIKIL2ZuHwyEjygKYxa23PalV8u6TuKScv0xkTErHvb4V6/GjAKCgiAgIACEP//jwISIgogOuWOifZLxZdnHM9cJRNxt7klsgf5RS8kBk/aVbnol8YaMAoKCICAoAIQ//+/AhIiCiBiyOUxbUKOdinjnsdLiIQLf9IcsdSXiWBNOfz7F0Ej3howCgoIgIDAAhD///8CEiIKIGdQOJFwmHWMImpOZfLnCXJt4Z4X1nEDXuaQFZQZimirGjAKCgiAgIADEP///wMSIgogny4V0Z3jAicBsS9t9rXHTmeYRKNqvwqT0vBR5o5jLW8aKwoFEP///wESIgog5ShKUJJkphosZeKgYNWqZ0XGnItivJ8FzYeNyfWka4k=
txOut serializedData base64:
EiIKIFYRnVN+2G/RiN73XiYZ8I5SJgxt6oIgzipPkd26mDIiGiIKIHwf13LvaCP4680JmM0Cntl2ZdB4CT74l5UC13WepdlpIlYKVKHY5TBHs6iDjOxeNCjHjtEIJmxOYJOgmxbMllTIWfF2d1u+XAw9XIv1SkGIZSIr/JH3/5hMaTd69YNEi9W7yD2IbUt4LcLEerAPFX0UMANlo+EBACpECkIQCtyUAiWHUlZYi6txJgwWvEJ6hMelGWosjhEX0gSGtYvjKSmwJWOdYDuxumxRzZ8ZrtcRQbqQFqfvM8L3aQQcSWAyNwoiCiD4RMVOrVHbYqwYIzFe0jJ+GXe3Wf81lyLD8f0abAkuLRHszrBEwVdyshoIkxRMw6r1UqA=

membershipProof base64:
CLndlAIQio3JAxowCgoIud2UAhC53ZQCEiIKIA+srakMELbuoykumRS943F/cQLVOVDxmDN+LA3wBbwHGjAKCgi43ZQCELjdlAISIgogef5kkEAIp/o/xciBaiaWyeNoBqwbkvPp6emuT9SUPEgaMAoKCLrdlAIQu92UAhIiCiBaSM5Hc+d8Cf4xZdQEjNlrouxZ7FYmQsSyo58fHL9wYxowCgoIvN2UAhC/3ZQCEiIKIHHtp1tNyr2P2W6j1iAfJGoVGj8utAD/Ma/aLrxiWLIsGjAKCgiw3ZQCELfdlAISIgogiLNJA2wWlhEQPH73lnsJgT7FSi7xsOFlKcrHaoIREPoaMAoKCKDdlAIQr92UAhIiCiDS/ksdZP12WlXAZiJFJh0x5AKSUP9T56s5Y9fl57Nz0BowCgoIgN2UAhCf3ZQCEiIKIDGc83EOoCbkDpZdqP7Gc9M2hKR04PZGH+l+/8Xl6DkQGjAKCgjA3ZQCEP/dlAISIgoggTxwcviL7TSMDl5EJPMstA3s/C+m4zKulfoCZStp7vkaMAoKCIDclAIQ/9yUAhIiCiD3hi+Xbp3EOjMZvHFjeHojWznTF6UzkDYCNo5m4cAyphowCgoIgN6UAhD/35QCEiIKIBwEw0motZtNt6XFN5D+Wo/AS8AyDGy/P7q6PRKDFN9nGjAKCgiA2JQCEP/blAISIgogZGeJNzqwbEZNyTcEAcvj8IX9V4312sDkRQSTH7gb4UQaMAoKCIDQlAIQ/9eUAhIiCiB7z29AbdZm7GATv9O5bSEzi2U9bFi2k/1M4++dXgUukRowCgoIgMCUAhD/z5QCEiIKINhEIC4bPsgEsHgEoDTPOTW74pCUcyhViMjf9WxgJRfZGjAKCgiA4JQCEP//lAISIgog1Vg9A8Jl9DnGv+GpDvCXnoprYr0IDEq3uJo0i4SKB74aMAoKCICAlAIQ/7+UAhIiCiAihgBa4TL2CNLc9dXDJ+wudr6mOE2JIr+OGiDyx7WGLxowCgoIgICVAhD//5UCEiIKIMRnrZbAi8durDbxeIlRXZAVA3KcqZajWoDybZXAX+SxGjAKCgiAgJYCEP//lwISIgogCGY3hKTok+6SQSagIjGAljuexVMH2dIpfs7zf0jJ2MwaMAoKCICAkAIQ//+TAhIiCiD3pwUiZ1G3bbQXsuFQEITMDEpjq/epchKMMpZE84RpZxowCgoIgICYAhD//58CEiIKIL2ZuHwyEjygKYxa23PalV8u6TuKScv0xkTErHvb4V6/GjAKCgiAgIACEP//jwISIgogOuWOifZLxZdnHM9cJRNxt7klsgf5RS8kBk/aVbnol8YaMAoKCICAoAIQ//+/AhIiCiBiyOUxbUKOdinjnsdLiIQLf9IcsdSXiWBNOfz7F0Ej3howCgoIgIDAAhD///8CEiIKIGdQOJFwmHWMImpOZfLnCXJt4Z4X1nEDXuaQFZQZimirGjAKCgiAgIADEP///wMSIgogny4V0Z3jAicBsS9t9rXHTmeYRKNqvwqT0vBR5o5jLW8aKwoFEP///wESIgog5ShKUJJkphosZeKgYNWqZ0XGnItivJ8FzYeNyfWka4k=
txOut serializedData base64:
EiIKIDQ+MM9Fbkhj1o2FFsYbHctdSGmSSImp4ADmiBh/3ptNGiIKIJowqp4eA22D1S5FqhAMlRx9elh6StRPLU8sRD8g3u9vIlYKVO9lsvCG3yXbPlpeDNiZYICASkPp27vpRgebJ7QeoTSwM/biSBBUiqADVMl2JksYZ8vdjUVHd3UUKJzlwXcfBuE5O/m9NuUd3OG5cjiyh25K+j8BACpECkL+GkLQQUKfPHZYstI5Fy0XL9rXliQ0Bm/Tg0VT0Qlm6F0kj4K19kNwATP7q0+2lvjlMedPWvJ2bjyyOx2aF3VDbFAyNwoiCiD6iC1NNTYS+jBRjjwx5X1Ng837FFbRqbGggDemC9iNKRHssk8pZwjPmBoI8E2s/zEhK4w=

membershipProof base64:
CJXdlAIQio3JAxowCgoIld2UAhCV3ZQCEiIKIOzOJLxQBfUajrDUO4B9HBXZZFkdLtd1kdrfhhkaa4SGGjAKCgiU3ZQCEJTdlAISIgogbuDrViLKxpN965NFF4x8/8AC57v40557XLCM/orAf8YaMAoKCJbdlAIQl92UAhIiCiAYYMCCvyQZdI2ApjpGUThaVuuHvtm7P9ErdOKQEfC68BowCgoIkN2UAhCT3ZQCEiIKIC9AeEEReXg44I2do2rQpvm5L/B/PCY0fQydN3IptInoGjAKCgiY3ZQCEJ/dlAISIgogSfoptOxb1J3TdKqNiF8M5bJSE4ilbKTtsvT00NuupeMaMAoKCIDdlAIQj92UAhIiCiAiips/UPOfwvvu9EV5mFWZlIyoQvAlvIMgGLqic4sRQRowCgoIoN2UAhC/3ZQCEiIKIK4PwbvI3U+ej/ouOmAbU2hnj+vwz/bCKBR1/nhkBTfQGjAKCgjA3ZQCEP/dlAISIgoggTxwcviL7TSMDl5EJPMstA3s/C+m4zKulfoCZStp7vkaMAoKCIDclAIQ/9yUAhIiCiD3hi+Xbp3EOjMZvHFjeHojWznTF6UzkDYCNo5m4cAyphowCgoIgN6UAhD/35QCEiIKIBwEw0motZtNt6XFN5D+Wo/AS8AyDGy/P7q6PRKDFN9nGjAKCgiA2JQCEP/blAISIgogZGeJNzqwbEZNyTcEAcvj8IX9V4312sDkRQSTH7gb4UQaMAoKCIDQlAIQ/9eUAhIiCiB7z29AbdZm7GATv9O5bSEzi2U9bFi2k/1M4++dXgUukRowCgoIgMCUAhD/z5QCEiIKINhEIC4bPsgEsHgEoDTPOTW74pCUcyhViMjf9WxgJRfZGjAKCgiA4JQCEP//lAISIgog1Vg9A8Jl9DnGv+GpDvCXnoprYr0IDEq3uJo0i4SKB74aMAoKCICAlAIQ/7+UAhIiCiAihgBa4TL2CNLc9dXDJ+wudr6mOE2JIr+OGiDyx7WGLxowCgoIgICVAhD//5UCEiIKIMRnrZbAi8durDbxeIlRXZAVA3KcqZajWoDybZXAX+SxGjAKCgiAgJYCEP//lwISIgogCGY3hKTok+6SQSagIjGAljuexVMH2dIpfs7zf0jJ2MwaMAoKCICAkAIQ//+TAhIiCiD3pwUiZ1G3bbQXsuFQEITMDEpjq/epchKMMpZE84RpZxowCgoIgICYAhD//58CEiIKIL2ZuHwyEjygKYxa23PalV8u6TuKScv0xkTErHvb4V6/GjAKCgiAgIACEP//jwISIgogOuWOifZLxZdnHM9cJRNxt7klsgf5RS8kBk/aVbnol8YaMAoKCICAoAIQ//+/AhIiCiBiyOUxbUKOdinjnsdLiIQLf9IcsdSXiWBNOfz7F0Ej3howCgoIgIDAAhD///8CEiIKIGdQOJFwmHWMImpOZfLnCXJt4Z4X1nEDXuaQFZQZimirGjAKCgiAgIADEP///wMSIgogny4V0Z3jAicBsS9t9rXHTmeYRKNqvwqT0vBR5o5jLW8aKwoFEP///wESIgog5ShKUJJkphosZeKgYNWqZ0XGnItivJ8FzYeNyfWka4k=
txOut serializedData base64:
EiIKIGrkOP3QxEPGkiaz9CWUp4yH3yFEq47DdJI+IYKnEQ9FGiIKILC0lSBPhljGmHOPg5Qt9rL48R51bLrJDOrjXgTjcDpFIlYKVH9QugtdzoNIs+9SqH9Huum+n0lP0h4qEDtOXou0Al7qY/ok/82IOuWpNKhCiXTxouHWSisKXBHImE3Ag5GM/EFtbdhEIdpzwfKSPqSDSKubQ18BACpECkJKMGTCLD41Y3Q+sHKDaXSIjayclXjOUZtvx5mwyaHqYLyN4R9AB7sifpEFtvVtlRl2yn9Frl4Mc6GpkKYqwDXAg0YyNwoiCiB4BxuYfUEpdbkX6dPTXV3UnOqqgPkyhsUeW8K9yQtBChHP2QO2oQ5IrRoI38Z66Og7F8g=

membershipProof base64:
CKzdlAIQio3JAxowCgoIrN2UAhCs3ZQCEiIKIEDpOT2+THTEtqQY4ZlCOm8e8H+kGgf39gUUtU/4VKdnGjAKCgit3ZQCEK3dlAISIgogik6yiI0DrIEFR1LIeYU4PiqCuebIrazT3jZyBo+9Y7AaMAoKCK7dlAIQr92UAhIiCiD771G9zwC9zEdKG02f4hjTVvP7X7Lk3uk27i21hgkSxBowCgoIqN2UAhCr3ZQCEiIKIPNdZl6QU2jMkSWkyhhXHoKWCk//TqmNC1lALiAE7RbzGjAKCgig3ZQCEKfdlAISIgogwDt1jrEfGV0+WM160VzXkw8DaAhfo75yzvF3Nzl43P4aMAoKCLDdlAIQv92UAhIiCiBbyjsB1YrqaxzP47F4mQP2X40T/fcIsFgU+COfQIaa9xowCgoIgN2UAhCf3ZQCEiIKIDGc83EOoCbkDpZdqP7Gc9M2hKR04PZGH+l+/8Xl6DkQGjAKCgjA3ZQCEP/dlAISIgoggTxwcviL7TSMDl5EJPMstA3s/C+m4zKulfoCZStp7vkaMAoKCIDclAIQ/9yUAhIiCiD3hi+Xbp3EOjMZvHFjeHojWznTF6UzkDYCNo5m4cAyphowCgoIgN6UAhD/35QCEiIKIBwEw0motZtNt6XFN5D+Wo/AS8AyDGy/P7q6PRKDFN9nGjAKCgiA2JQCEP/blAISIgogZGeJNzqwbEZNyTcEAcvj8IX9V4312sDkRQSTH7gb4UQaMAoKCIDQlAIQ/9eUAhIiCiB7z29AbdZm7GATv9O5bSEzi2U9bFi2k/1M4++dXgUukRowCgoIgMCUAhD/z5QCEiIKINhEIC4bPsgEsHgEoDTPOTW74pCUcyhViMjf9WxgJRfZGjAKCgiA4JQCEP//lAISIgog1Vg9A8Jl9DnGv+GpDvCXnoprYr0IDEq3uJo0i4SKB74aMAoKCICAlAIQ/7+UAhIiCiAihgBa4TL2CNLc9dXDJ+wudr6mOE2JIr+OGiDyx7WGLxowCgoIgICVAhD//5UCEiIKIMRnrZbAi8durDbxeIlRXZAVA3KcqZajWoDybZXAX+SxGjAKCgiAgJYCEP//lwISIgogCGY3hKTok+6SQSagIjGAljuexVMH2dIpfs7zf0jJ2MwaMAoKCICAkAIQ//+TAhIiCiD3pwUiZ1G3bbQXsuFQEITMDEpjq/epchKMMpZE84RpZxowCgoIgICYAhD//58CEiIKIL2ZuHwyEjygKYxa23PalV8u6TuKScv0xkTErHvb4V6/GjAKCgiAgIACEP//jwISIgogOuWOifZLxZdnHM9cJRNxt7klsgf5RS8kBk/aVbnol8YaMAoKCICAoAIQ//+/AhIiCiBiyOUxbUKOdinjnsdLiIQLf9IcsdSXiWBNOfz7F0Ej3howCgoIgIDAAhD///8CEiIKIGdQOJFwmHWMImpOZfLnCXJt4Z4X1nEDXuaQFZQZimirGjAKCgiAgIADEP///wMSIgogny4V0Z3jAicBsS9t9rXHTmeYRKNqvwqT0vBR5o5jLW8aKwoFEP///wESIgog5ShKUJJkphosZeKgYNWqZ0XGnItivJ8FzYeNyfWka4k=
txOut serializedData base64:
EiIKIJgEuJ7aXf9kj2o1RX2AGNxRV8oM9gLfTZSqPCXytNBjGiIKILwlADv6WpRdm9ZQtbnhzoYLJFQjE4eIM1LMvYGxto86IlYKVIjRuTaHP+Hx+UjCUAuVFqaLvsSqtKmTvYGEdqkwrPcntEo0tdRiPRDqFsThmB+MVyYyOhnQmGAOZRajpIft1kHOf7WKfgCjswedklzURhhLQ2EBACpECkLKNtcqoW4Y4wi2LeSc74kS2w9im41EFtoFtS3QhA6fQ/S0BcoWqFhlZNDh8XthnSuEcYqzJgfjNGhCoEd0gqneH3syNwoiCiBIBedeKtO0SllK24qVQgqzi3LhQH8+WOjtbXOEMxPcShHCKQHczBco9hoI97Htenlj+No=

membershipProof base64:
CILdlAIQio3JAxowCgoIgt2UAhCC3ZQCEiIKIJChm5SyOORmUu/2aY/1s/8uxHFRaPHRwWLBYl4k5lCrGjAKCgiD3ZQCEIPdlAISIgog4n8TqUOFw0bHyQoCU8DeysQQUEAGsB1z/21qwfa3jacaMAoKCIDdlAIQgd2UAhIiCiDp8V/RVzkFa9GPFvuTakU40ZiGqKshonc5nLyLSwtsfBowCgoIhN2UAhCH3ZQCEiIKIDLEEY8QxqzGJ0pWvinMWFDWD603A4O5ovdDuDpdLcGiGjAKCgiI3ZQCEI/dlAISIgog4fFhbvQHfLRSLNh2AXy9AGYH+nyjnUGo/mosAiuzHLwaMAoKCJDdlAIQn92UAhIiCiAWAWnMA/T8f7LGzR7nPbO5tGDsQzvNsU6H3nhqMsEafRowCgoIoN2UAhC/3ZQCEiIKIK4PwbvI3U+ej/ouOmAbU2hnj+vwz/bCKBR1/nhkBTfQGjAKCgjA3ZQCEP/dlAISIgoggTxwcviL7TSMDl5EJPMstA3s/C+m4zKulfoCZStp7vkaMAoKCIDclAIQ/9yUAhIiCiD3hi+Xbp3EOjMZvHFjeHojWznTF6UzkDYCNo5m4cAyphowCgoIgN6UAhD/35QCEiIKIBwEw0motZtNt6XFN5D+Wo/AS8AyDGy/P7q6PRKDFN9nGjAKCgiA2JQCEP/blAISIgogZGeJNzqwbEZNyTcEAcvj8IX9V4312sDkRQSTH7gb4UQaMAoKCIDQlAIQ/9eUAhIiCiB7z29AbdZm7GATv9O5bSEzi2U9bFi2k/1M4++dXgUukRowCgoIgMCUAhD/z5QCEiIKINhEIC4bPsgEsHgEoDTPOTW74pCUcyhViMjf9WxgJRfZGjAKCgiA4JQCEP//lAISIgog1Vg9A8Jl9DnGv+GpDvCXnoprYr0IDEq3uJo0i4SKB74aMAoKCICAlAIQ/7+UAhIiCiAihgBa4TL2CNLc9dXDJ+wudr6mOE2JIr+OGiDyx7WGLxowCgoIgICVAhD//5UCEiIKIMRnrZbAi8durDbxeIlRXZAVA3KcqZajWoDybZXAX+SxGjAKCgiAgJYCEP//lwISIgogCGY3hKTok+6SQSagIjGAljuexVMH2dIpfs7zf0jJ2MwaMAoKCICAkAIQ//+TAhIiCiD3pwUiZ1G3bbQXsuFQEITMDEpjq/epchKMMpZE84RpZxowCgoIgICYAhD//58CEiIKIL2ZuHwyEjygKYxa23PalV8u6TuKScv0xkTErHvb4V6/GjAKCgiAgIACEP//jwISIgogOuWOifZLxZdnHM9cJRNxt7klsgf5RS8kBk/aVbnol8YaMAoKCICAoAIQ//+/AhIiCiBiyOUxbUKOdinjnsdLiIQLf9IcsdSXiWBNOfz7F0Ej3howCgoIgIDAAhD///8CEiIKIGdQOJFwmHWMImpOZfLnCXJt4Z4X1nEDXuaQFZQZimirGjAKCgiAgIADEP///wMSIgogny4V0Z3jAicBsS9t9rXHTmeYRKNqvwqT0vBR5o5jLW8aKwoFEP///wESIgog5ShKUJJkphosZeKgYNWqZ0XGnItivJ8FzYeNyfWka4k=
txOut serializedData base64:
EiIKINa6i94DqN8F5VeydRe5JPsPzMcB3TzBwmxWb2sol+kUGiIKINoFy0xIXGAoPsjks+R3Gyq+PxYH5dQKXTV5rhFRb10tIlYKVAAAAAAAAAAAAAAAAAAAAAAAAAAAAAAAAAAAAAAAAAAAAAAAAAAAAAAAAAAAAAAAAAAAAAAAAAAAAAAAAAAAAAAAAAAAAAAAAAAAAAAAAAAAAAAAACpECkKEjeoFB4HIEgvJ8D5nYA/4xcRZX5a6NvtXeWjAJCwF9T2tSIKsRRmUknj5dUFFZbWz3DFTsffa/CcLafvB5wugXrEyNwoiCiBgOyVtKzNopGcb+TWsIqc2aG+jC0i94+L1HIpJgxBVHBH41PIgMr/sGRoIcSWRyZcOqvA=

membershipProof base64:
CL3clAIQio3JAxowCgoIvdyUAhC93JQCEiIKIGKFzxfIH8Izr384kHTyct7zUZWMhuSh2r0ML33lyqbgGjAKCgi83JQCELzclAISIgogPGDPolbBYUvgzI2k/S4ZPtW1WiV/RIqwA8dryVwhakgaMAoKCL7clAIQv9yUAhIiCiC1FCM7gFJoGZHcKpaX7dddY0MgsD9ZE6BXPQYulPV+/BowCgoIuNyUAhC73JQCEiIKINrriD9yTKKhUP8EaJ7azajeadWewTSe4JAh62SwyFClGjAKCgiw3JQCELfclAISIgogXfzVLEYCCAKv3msg2UFKTzAdYEWHO5t5Y90sRxdQz4gaMAoKCKDclAIQr9yUAhIiCiAV8/6bGofq3Z0OpMTnOBkWGqsPa4PRKA0Oxg6Ys+TGahowCgoIgNyUAhCf3JQCEiIKIJL38h3bULz8rl8WtOWcoNCAEJI6QdXiaegG+7btiybgGjAKCgjA3JQCEP/clAISIgogid4dV7iW9EuJlxGSuXTnagmXXpoH7ACvXRCADeSAp74aMAoKCIDdlAIQ/92UAhIiCiDTfLeuccfyHkaBZPfhg0YIeGWkxIlxbhx+KJKVk32ziRowCgoIgN6UAhD/35QCEiIKIBwEw0motZtNt6XFN5D+Wo/AS8AyDGy/P7q6PRKDFN9nGjAKCgiA2JQCEP/blAISIgogZGeJNzqwbEZNyTcEAcvj8IX9V4312sDkRQSTH7gb4UQaMAoKCIDQlAIQ/9eUAhIiCiB7z29AbdZm7GATv9O5bSEzi2U9bFi2k/1M4++dXgUukRowCgoIgMCUAhD/z5QCEiIKINhEIC4bPsgEsHgEoDTPOTW74pCUcyhViMjf9WxgJRfZGjAKCgiA4JQCEP//lAISIgog1Vg9A8Jl9DnGv+GpDvCXnoprYr0IDEq3uJo0i4SKB74aMAoKCICAlAIQ/7+UAhIiCiAihgBa4TL2CNLc9dXDJ+wudr6mOE2JIr+OGiDyx7WGLxowCgoIgICVAhD//5UCEiIKIMRnrZbAi8durDbxeIlRXZAVA3KcqZajWoDybZXAX+SxGjAKCgiAgJYCEP//lwISIgogCGY3hKTok+6SQSagIjGAljuexVMH2dIpfs7zf0jJ2MwaMAoKCICAkAIQ//+TAhIiCiD3pwUiZ1G3bbQXsuFQEITMDEpjq/epchKMMpZE84RpZxowCgoIgICYAhD//58CEiIKIL2ZuHwyEjygKYxa23PalV8u6TuKScv0xkTErHvb4V6/GjAKCgiAgIACEP//jwISIgogOuWOifZLxZdnHM9cJRNxt7klsgf5RS8kBk/aVbnol8YaMAoKCICAoAIQ//+/AhIiCiBiyOUxbUKOdinjnsdLiIQLf9IcsdSXiWBNOfz7F0Ej3howCgoIgIDAAhD///8CEiIKIGdQOJFwmHWMImpOZfLnCXJt4Z4X1nEDXuaQFZQZimirGjAKCgiAgIADEP///wMSIgogny4V0Z3jAicBsS9t9rXHTmeYRKNqvwqT0vBR5o5jLW8aKwoFEP///wESIgog5ShKUJJkphosZeKgYNWqZ0XGnItivJ8FzYeNyfWka4k=
txOut serializedData base64:
EiIKIIQI7Lkryx+71k00Umv8TCfOYSrniWCBmG+HkPyMUWAAGiIKIORR7LOdU2xwtdGTYBonQQumifX3TihmrxGcmiAmYdQcIlYKVHpZ91CEobGtmdEH8mtMqFxoKk5QrctU57GIgCPltGSgyURmxxmtnzQGgy69TnvEZXsRms7OgyVQcQuO6a4MOXKuXtEkxmkO4L/076jaIfE20M4BACpECkLpSTK6IocHk3k8hVHbfTpCXccj1gYsFxGAsz+ax4eASaOGJB2FR6fNqVc1IDf+BMCJ3M9t1TIqIBF/CLd9XiyQtOUyNwoiCiDuO5ntPyhM9c8PAGa38ha51u24cQpc6R2IwLOzxmK8eBFzYiuXAOIMERoIQH4cNWOyo1k=

membershipProof base64:
CNHclAIQio3JAxowCgoI0dyUAhDR3JQCEiIKIBUrDiWS9Z7QIdzUNvOZ61/m4Iuhl4sjcwYyPQyFUd+rGjAKCgjQ3JQCENDclAISIgogzkXREUGZm9a7mGGPB06kuPf3DkyJWR3ceGEg0L8LX3QaMAoKCNLclAIQ09yUAhIiCiBLl/8IqRhjXU8b5R08GDdcStBmzJPoWtcCu6CmMwdKuhowCgoI1NyUAhDX3JQCEiIKILt9xhySoY0U/rjcav5YfOZoNEtO1M61fJK5My1E5swWGjAKCgjY3JQCEN/clAISIgog/KpgCFKD1f5tPXX/giIX11oULb4w6RMsZKQGY++qhAkaMAoKCMDclAIQz9yUAhIiCiCTjavBee+eRRfeTRUZmnO8iPLPAViSbeqhUJsAR+GEIxowCgoI4NyUAhD/3JQCEiIKIDXYv597nUABiIoj10DFLze7C7L4GA9DdMm8h0EIyvwrGjAKCgiA3JQCEL/clAISIgogr3Z7tfLq6a5kZQ8a9Qbtke9192uT6HXwYKAkPVxctjEaMAoKCIDdlAIQ/92UAhIiCiDTfLeuccfyHkaBZPfhg0YIeGWkxIlxbhx+KJKVk32ziRowCgoIgN6UAhD/35QCEiIKIBwEw0motZtNt6XFN5D+Wo/AS8AyDGy/P7q6PRKDFN9nGjAKCgiA2JQCEP/blAISIgogZGeJNzqwbEZNyTcEAcvj8IX9V4312sDkRQSTH7gb4UQaMAoKCIDQlAIQ/9eUAhIiCiB7z29AbdZm7GATv9O5bSEzi2U9bFi2k/1M4++dXgUukRowCgoIgMCUAhD/z5QCEiIKINhEIC4bPsgEsHgEoDTPOTW74pCUcyhViMjf9WxgJRfZGjAKCgiA4JQCEP//lAISIgog1Vg9A8Jl9DnGv+GpDvCXnoprYr0IDEq3uJo0i4SKB74aMAoKCICAlAIQ/7+UAhIiCiAihgBa4TL2CNLc9dXDJ+wudr6mOE2JIr+OGiDyx7WGLxowCgoIgICVAhD//5UCEiIKIMRnrZbAi8durDbxeIlRXZAVA3KcqZajWoDybZXAX+SxGjAKCgiAgJYCEP//lwISIgogCGY3hKTok+6SQSagIjGAljuexVMH2dIpfs7zf0jJ2MwaMAoKCICAkAIQ//+TAhIiCiD3pwUiZ1G3bbQXsuFQEITMDEpjq/epchKMMpZE84RpZxowCgoIgICYAhD//58CEiIKIL2ZuHwyEjygKYxa23PalV8u6TuKScv0xkTErHvb4V6/GjAKCgiAgIACEP//jwISIgogOuWOifZLxZdnHM9cJRNxt7klsgf5RS8kBk/aVbnol8YaMAoKCICAoAIQ//+/AhIiCiBiyOUxbUKOdinjnsdLiIQLf9IcsdSXiWBNOfz7F0Ej3howCgoIgIDAAhD///8CEiIKIGdQOJFwmHWMImpOZfLnCXJt4Z4X1nEDXuaQFZQZimirGjAKCgiAgIADEP///wMSIgogny4V0Z3jAicBsS9t9rXHTmeYRKNqvwqT0vBR5o5jLW8aKwoFEP///wESIgog5ShKUJJkphosZeKgYNWqZ0XGnItivJ8FzYeNyfWka4k=
txOut serializedData base64:
EiIKIKqPEroVZIaWW6V/ELsdB7jwMAZHaaf9q/Yf9leU4ntiGiIKIPpUIVEGu/99BFgQg3llo+Raxb3BfucwbF3tC7JfmzkNIlYKVAAAAAAAAAAAAAAAAAAAAAAAAAAAAAAAAAAAAAAAAAAAAAAAAAAAAAAAAAAAAAAAAAAAAAAAAAAAAAAAAAAAAAAAAAAAAAAAAAAAAAAAAAAAAAAAACpECkKhof2MyKjKXfm8KTmdS7B1FBZBZRDO6b8JYL7SSbKHgL4uZ3hOlK7Aj3/IbUOJ9BdyIGSCG3wvJtO3DwvYvBfxre4yNwoiCiB0VVmpQrAzX1YXVdhiduk04384TDDSXn6M0sXCjGwHUxE/gi8Z06y6IRoI9+/7gLJpjlM=

membershipProof base64:
CJndlAIQio3JAxowCgoImd2UAhCZ3ZQCEiIKIItZaF0kcWe0TeR0Xa1yVhJKPdgT77YYkdubVfN0JsU1GjAKCgiY3ZQCEJjdlAISIgoghI6oiQGlbwasBK4oP3Sd0gzgS+nALHwnmKPQl0uR0CYaMAoKCJrdlAIQm92UAhIiCiA6vYqNghv94ehD1XoK5iTxuA31B9yqfo0vZ5XvzN4SPxowCgoInN2UAhCf3ZQCEiIKIHEfL6yXiNDxkqNlvso3aV1Y2VgQLmGEPuu0Vzk5x0VlGjAKCgiQ3ZQCEJfdlAISIgogrkdvHxiYJgLvJPE2raLF09Bz7LcET0InUPjbyw4D6qEaMAoKCIDdlAIQj92UAhIiCiAiips/UPOfwvvu9EV5mFWZlIyoQvAlvIMgGLqic4sRQRowCgoIoN2UAhC/3ZQCEiIKIK4PwbvI3U+ej/ouOmAbU2hnj+vwz/bCKBR1/nhkBTfQGjAKCgjA3ZQCEP/dlAISIgoggTxwcviL7TSMDl5EJPMstA3s/C+m4zKulfoCZStp7vkaMAoKCIDclAIQ/9yUAhIiCiD3hi+Xbp3EOjMZvHFjeHojWznTF6UzkDYCNo5m4cAyphowCgoIgN6UAhD/35QCEiIKIBwEw0motZtNt6XFN5D+Wo/AS8AyDGy/P7q6PRKDFN9nGjAKCgiA2JQCEP/blAISIgogZGeJNzqwbEZNyTcEAcvj8IX9V4312sDkRQSTH7gb4UQaMAoKCIDQlAIQ/9eUAhIiCiB7z29AbdZm7GATv9O5bSEzi2U9bFi2k/1M4++dXgUukRowCgoIgMCUAhD/z5QCEiIKINhEIC4bPsgEsHgEoDTPOTW74pCUcyhViMjf9WxgJRfZGjAKCgiA4JQCEP//lAISIgog1Vg9A8Jl9DnGv+GpDvCXnoprYr0IDEq3uJo0i4SKB74aMAoKCICAlAIQ/7+UAhIiCiAihgBa4TL2CNLc9dXDJ+wudr6mOE2JIr+OGiDyx7WGLxowCgoIgICVAhD//5UCEiIKIMRnrZbAi8durDbxeIlRXZAVA3KcqZajWoDybZXAX+SxGjAKCgiAgJYCEP//lwISIgogCGY3hKTok+6SQSagIjGAljuexVMH2dIpfs7zf0jJ2MwaMAoKCICAkAIQ//+TAhIiCiD3pwUiZ1G3bbQXsuFQEITMDEpjq/epchKMMpZE84RpZxowCgoIgICYAhD//58CEiIKIL2ZuHwyEjygKYxa23PalV8u6TuKScv0xkTErHvb4V6/GjAKCgiAgIACEP//jwISIgogOuWOifZLxZdnHM9cJRNxt7klsgf5RS8kBk/aVbnol8YaMAoKCICAoAIQ//+/AhIiCiBiyOUxbUKOdinjnsdLiIQLf9IcsdSXiWBNOfz7F0Ej3howCgoIgIDAAhD///8CEiIKIGdQOJFwmHWMImpOZfLnCXJt4Z4X1nEDXuaQFZQZimirGjAKCgiAgIADEP///wMSIgogny4V0Z3jAicBsS9t9rXHTmeYRKNqvwqT0vBR5o5jLW8aKwoFEP///wESIgog5ShKUJJkphosZeKgYNWqZ0XGnItivJ8FzYeNyfWka4k=
txOut serializedData base64:
EiIKIBig0DDeJM8CKzwtEXX9ssru23JLPNUOAHCk56SbnE16GiIKIPzi9TBJ+sJOvaXclf3bwr2GEa2xMsF13gN/LeLvPXsYIlYKVAAAAAAAAAAAAAAAAAAAAAAAAAAAAAAAAAAAAAAAAAAAAAAAAAAAAAAAAAAAAAAAAAAAAAAAAAAAAAAAAAAAAAAAAAAAAAAAAAAAAAAAAAAAAAAAACpECkJ1KArLFxhg/WWicJcQfoyKfW+dMQBZuC0OWgrQpxCicjKT5zHkFRzTJwldJcAqkFJyvkMIiZS7tO1f6eb/oeBkGZoyNwoiCiCO5n/xjbjWtFgEChfkf+aWnkK7hb5jLYTYzKp77MY+dxH8UQovsrp7yRoI/nLG0CsD/4U=

membershipProof base64:
COzclAIQio3JAxowCgoI7NyUAhDs3JQCEiIKIOKtt49VRNzZveHQOCQ9sz/wEkUjJvxldJqolZoFt+B+GjAKCgjt3JQCEO3clAISIgoginbAgyckGS3W+HQ/GfQRbHfJXO4d9RQjndix6TJfuYcaMAoKCO7clAIQ79yUAhIiCiAKelZaa+waTKeIuHGe4+f3PPDtfYAQ2z98KTo4xBWmMxowCgoI6NyUAhDr3JQCEiIKIKoHzUjR+bdQ6pH5k+alNGp1x5zkUQpVZewbFOivNA+BGjAKCgjg3JQCEOfclAISIgogZRuNIskb4vBIuTCMXISSHz0ZK9mrQAWpqkH0O/p/3ncaMAoKCPDclAIQ/9yUAhIiCiC740M2yUqHjGay/SPe55WpDG3L/uzFJ3gKF8pdeh9JMxowCgoIwNyUAhDf3JQCEiIKIHRuI8xC+qYgDWW2tvXZYbqSi3Z5u1PEQ+4JlUZO09kwGjAKCgiA3JQCEL/clAISIgogr3Z7tfLq6a5kZQ8a9Qbtke9192uT6HXwYKAkPVxctjEaMAoKCIDdlAIQ/92UAhIiCiDTfLeuccfyHkaBZPfhg0YIeGWkxIlxbhx+KJKVk32ziRowCgoIgN6UAhD/35QCEiIKIBwEw0motZtNt6XFN5D+Wo/AS8AyDGy/P7q6PRKDFN9nGjAKCgiA2JQCEP/blAISIgogZGeJNzqwbEZNyTcEAcvj8IX9V4312sDkRQSTH7gb4UQaMAoKCIDQlAIQ/9eUAhIiCiB7z29AbdZm7GATv9O5bSEzi2U9bFi2k/1M4++dXgUukRowCgoIgMCUAhD/z5QCEiIKINhEIC4bPsgEsHgEoDTPOTW74pCUcyhViMjf9WxgJRfZGjAKCgiA4JQCEP//lAISIgog1Vg9A8Jl9DnGv+GpDvCXnoprYr0IDEq3uJo0i4SKB74aMAoKCICAlAIQ/7+UAhIiCiAihgBa4TL2CNLc9dXDJ+wudr6mOE2JIr+OGiDyx7WGLxowCgoIgICVAhD//5UCEiIKIMRnrZbAi8durDbxeIlRXZAVA3KcqZajWoDybZXAX+SxGjAKCgiAgJYCEP//lwISIgogCGY3hKTok+6SQSagIjGAljuexVMH2dIpfs7zf0jJ2MwaMAoKCICAkAIQ//+TAhIiCiD3pwUiZ1G3bbQXsuFQEITMDEpjq/epchKMMpZE84RpZxowCgoIgICYAhD//58CEiIKIL2ZuHwyEjygKYxa23PalV8u6TuKScv0xkTErHvb4V6/GjAKCgiAgIACEP//jwISIgogOuWOifZLxZdnHM9cJRNxt7klsgf5RS8kBk/aVbnol8YaMAoKCICAoAIQ//+/AhIiCiBiyOUxbUKOdinjnsdLiIQLf9IcsdSXiWBNOfz7F0Ej3howCgoIgIDAAhD///8CEiIKIGdQOJFwmHWMImpOZfLnCXJt4Z4X1nEDXuaQFZQZimirGjAKCgiAgIADEP///wMSIgogny4V0Z3jAicBsS9t9rXHTmeYRKNqvwqT0vBR5o5jLW8aKwoFEP///wESIgog5ShKUJJkphosZeKgYNWqZ0XGnItivJ8FzYeNyfWka4k=
2024-01-11T16:54:19-0800 debug com.mobilecoin : TransactionBuilder.swift:189:build(context:inputs:possibleTransaction:presignedInput:) - :::PreparedTxInput
2024-01-11T16:54:19-0800 debug com.mobilecoin : TransactionBuilder.swift:190:build(context:inputs:possibleTransaction:presignedInput:) - 
